2026-05-26T16:59:51.385325+00:00 [1/656] Hunt综合征 | key=Hunt综合征 | ValueError: Disease_id not found from SymMap search
2026-05-26T16:59:56.307296+00:00 [2/656] IgA肾病 | key=IgA肾病 | ValueError: Disease_id not found from SymMap search
2026-05-26T17:00:00.240662+00:00 [3/656] IgA血管炎 | key=IgA血管炎 | ValueError: Disease_id not found from SymMap search
2026-05-26T17:00:05.909757+00:00 [4/656] IgA血管炎性肾炎 | key=IgA血管炎性肾炎 | ValueError: Disease_id not found from SymMap search
2026-05-26T17:00:09.888567+00:00 [5/656] Metatarsalgia） | key=Metatarsalgia） | ValueError: Disease_id not found from SymMap search
2026-05-26T17:00:17.089145+00:00 [6/656] Vogt-小柳-原田综合征 | key=Vogt-小柳-原田综合征 | ValueError: Disease_id not found from SymMap search
2026-05-26T17:00:21.732805+00:00 [7/656] infantile hemangioma | key=infantile hemangioma | ValueError: Disease_id not found from SymMap search
2026-05-26T17:00:25.813545+00:00 [8/656] 三叉神经痛 | key=三叉神经痛 | ValueError: Disease_id not found from SymMap search
2026-05-26T17:00:29.515721+00:00 [9/656] 上消化道出血 | key=上消化道出血 | ValueError: Disease_id not found from SymMap search
2026-05-26T17:00:55.392683+00:00 [1/663] Hunt综合征 | key=Hunt综合征 | ValueError: Disease_id not found from SymMap search
2026-05-26T17:00:59.810755+00:00 [2/663] IgA肾病 | key=IgA肾病 | ValueError: Disease_id not found from SymMap search
2026-05-26T17:01:04.022374+00:00 [3/663] IgA血管炎 | key=IgA血管炎 | ValueError: Disease_id not found from SymMap search
2026-05-26T17:01:07.503760+00:00 [4/663] IgA血管炎性肾炎 | key=IgA血管炎性肾炎 | ValueError: Disease_id not found from SymMap search
2026-05-26T17:01:10.898180+00:00 [5/663] Metatarsalgia） | key=Metatarsalgia） | ValueError: Disease_id not found from SymMap search
2026-05-26T17:01:15.071719+00:00 [6/663] Vogt-小柳-原田综合征 | key=Vogt-小柳-原田综合征 | ValueError: Disease_id not found from SymMap search
2026-05-26T17:01:19.762927+00:00 [7/663] infantile hemangioma | key=infantile hemangioma | ValueError: Disease_id not found from SymMap search
2026-05-26T17:01:24.228325+00:00 [8/663] 三叉神经痛 | key=三叉神经痛 | ValueError: Disease_id not found from SymMap search
2026-05-26T17:01:28.612662+00:00 [9/663] 上消化道出血 | key=上消化道出血 | ValueError: Disease_id not found from SymMap search
2026-05-26T17:01:32.927724+00:00 [10/663] 上睑下垂 | key=上睑下垂 | ValueError: Disease_id not found from SymMap search
2026-05-26T17:01:37.474562+00:00 [11/663] 下肢动脉硬化闭塞症 | key=下肢动脉硬化闭塞症 | ValueError: Disease_id not found from SymMap search
2026-05-26T17:01:42.146979+00:00 [12/663] 下肢慢性溃疡 | key=下肢慢性溃疡 | ValueError: Disease_id not found from SymMap search
2026-05-26T17:01:46.714870+00:00 [13/663] 下肢深静脉血栓形成 | key=下肢深静脉血栓形成 | ValueError: Disease_id not found from SymMap search
2026-05-26T17:01:50.192794+00:00 [14/663] 下肢静脉曲张 | key=下肢静脉曲张 | ValueError: Disease_id not found from SymMap search
2026-05-26T17:01:55.916673+00:00 [15/663] 不射精 | key=不射精 | ValueError: Disease_id not found from SymMap search
2026-05-26T17:01:59.345240+00:00 [16/663] 不育症 | key=不育症 | ValueError: Disease_id not found from SymMap search
2026-05-26T17:02:38.334086+00:00 [1/663] Hunt综合征 | key=Hunt综合征 | ValueError: Disease_id not found from SymMap search keys=['Hunt综合征', '耳带状疱疹', 'Ramsay Hunt综合征', '膝状神经节综合征']
2026-05-26T17:02:54.853153+00:00 [2/663] IgA肾病 | key=IgA肾病 | ValueError: Disease_id not found from SymMap search keys=['IgA肾病', 'IgA Nephropathy', 'Berger病']
2026-05-26T17:03:03.245264+00:00 [3/663] IgA血管炎 | key=IgA血管炎 | ValueError: Disease_id not found from SymMap search keys=['IgA血管炎', '过敏性紫癜']
2026-05-26T17:03:17.692826+00:00 [4/663] IgA血管炎性肾炎 | key=IgA血管炎性肾炎 | ValueError: Disease_id not found from SymMap search keys=['IgA血管炎性肾炎', '7天癜肾炎', 'IgA血管炎性肾', '紫癜性肾炎']
2026-05-26T17:03:21.837918+00:00 [5/663] Metatarsalgia） | key=Metatarsalgia） | ValueError: Disease_id not found from SymMap search keys=['Metatarsalgia）']
2026-05-26T17:03:28.797788+00:00 [6/663] Vogt-小柳-原田综合征 | key=Vogt-小柳-原田综合征 | ValueError: Disease_id not found from SymMap search keys=['Vogt-小柳-原田综合征', 'Vogt-Koyanagi-Harada Syndrome', 'VKH综合征', '特发性葡萄膜大脑炎']
2026-05-26T17:03:33.325434+00:00 [7/663] infantile hemangioma | key=infantile hemangioma | ValueError: Disease_id not found from SymMap search keys=['infantile hemangioma']
2026-05-26T17:03:56.745622+00:00 [9/663] 上消化道出血 | key=上消化道出血 | ValueError: Disease_id not found from SymMap search keys=['上消化道出血', 'Upper Gastrointestinal Hemorrhage']
2026-05-26T17:04:03.574570+00:00 [10/663] 上睑下垂 | key=上睑下垂 | ValueError: Disease_id not found from SymMap search keys=['上睑下垂', 'Ptosis']
2026-05-26T17:04:09.787284+00:00 [11/663] 下肢动脉硬化闭塞症 | key=下肢动脉硬化闭塞症 | ValueError: Disease_id not found from SymMap search keys=['下肢动脉硬化闭塞症', 'ASO']
2026-05-26T17:04:16.316043+00:00 [12/663] 下肢慢性溃疡 | key=下肢慢性溃疡 | ValueError: Disease_id not found from SymMap search keys=['下肢慢性溃疡', '臁疮']
2026-05-26T17:04:22.735416+00:00 [13/663] 下肢深静脉血栓形成 | key=下肢深静脉血栓形成 | ValueError: Disease_id not found from SymMap search keys=['下肢深静脉血栓形成', '股肿', '深静脉血栓', 'DVT']
2026-05-26T17:04:29.217323+00:00 [14/663] 下肢静脉曲张 | key=下肢静脉曲张 | ValueError: Disease_id not found from SymMap search keys=['下肢静脉曲张', '筋瘤']
2026-05-26T17:04:34.270944+00:00 [15/663] 不射精 | key=不射精 | ValueError: Disease_id not found from SymMap search keys=['不射精', 'Anejaculation']
2026-05-26T17:04:43.998548+00:00 [16/663] 不育症 | key=不育症 | ValueError: Disease_id not found from SymMap search keys=['不育症', '男子绝子', '无子', '无嗣']
2026-05-26T17:05:34.150180+00:00 [1/663] Hunt综合征 | key=Hunt综合征 | ValueError: Disease_id not found from SymMap search keys=['Hunt综合征', '耳带状疱疹', 'Ramsay Hunt综合征', '膝状神经节综合征']
2026-05-26T17:05:43.869590+00:00 [2/663] IgA肾病 | key=IgA肾病 | ValueError: Disease_id not found from SymMap search keys=['IgA肾病', 'IgA Nephropathy', 'Berger病']
2026-05-26T17:05:49.832229+00:00 [3/663] IgA血管炎 | key=IgA血管炎 | ValueError: Disease_id not found from SymMap search keys=['IgA血管炎', '过敏性紫癜']
2026-05-26T17:06:01.323087+00:00 [4/663] IgA血管炎性肾炎 | key=IgA血管炎性肾炎 | ValueError: Disease_id not found from SymMap search keys=['IgA血管炎性肾炎', '7天癜肾炎', 'IgA血管炎性肾', '紫癜性肾炎']
2026-05-26T17:06:06.014174+00:00 [5/663] Metatarsalgia） | key=Metatarsalgia） | ValueError: Disease_id not found from SymMap search keys=['Metatarsalgia）']
2026-05-26T17:06:16.745334+00:00 [6/663] Vogt-小柳-原田综合征 | key=Vogt-小柳-原田综合征 | ValueError: Disease_id not found from SymMap search keys=['Vogt-小柳-原田综合征', 'Vogt-Koyanagi-Harada Syndrome', 'VKH综合征', '特发性葡萄膜大脑炎']
2026-05-26T17:06:20.964764+00:00 [7/663] infantile hemangioma | key=infantile hemangioma | ValueError: Disease_id not found from SymMap search keys=['infantile hemangioma']
2026-05-26T17:06:29.435076+00:00 [9/663] 上消化道出血 | key=上消化道出血 | ValueError: Disease_id not found from SymMap search keys=['上消化道出血', 'Upper Gastrointestinal Hemorrhage']
2026-05-26T17:06:34.717473+00:00 [10/663] 上睑下垂 | key=上睑下垂 | ValueError: Disease_id not found from SymMap search keys=['上睑下垂', 'Ptosis']
2026-05-26T17:06:39.876385+00:00 [11/663] 下肢动脉硬化闭塞症 | key=下肢动脉硬化闭塞症 | ValueError: Disease_id not found from SymMap search keys=['下肢动脉硬化闭塞症', 'ASO']
2026-05-26T17:06:45.539517+00:00 [12/663] 下肢慢性溃疡 | key=下肢慢性溃疡 | ValueError: Disease_id not found from SymMap search keys=['下肢慢性溃疡', '臁疮']
2026-05-26T17:06:54.833301+00:00 [13/663] 下肢深静脉血栓形成 | key=下肢深静脉血栓形成 | ValueError: Disease_id not found from SymMap search keys=['下肢深静脉血栓形成', '股肿', '深静脉血栓', 'DVT']
2026-05-26T17:07:00.310393+00:00 [14/663] 下肢静脉曲张 | key=下肢静脉曲张 | ValueError: Disease_id not found from SymMap search keys=['下肢静脉曲张', '筋瘤']
2026-05-26T17:07:05.528536+00:00 [15/663] 不射精 | key=不射精 | ValueError: Disease_id not found from SymMap search keys=['不射精', 'Anejaculation']
2026-05-26T17:07:14.600130+00:00 [16/663] 不育症 | key=不育症 | ValueError: Disease_id not found from SymMap search keys=['不育症', '男子绝子', '无子', '无嗣']
2026-05-26T17:07:22.169025+00:00 [17/663] 中心性浆液性脉络膜视网膜病变 | key=中心性浆液性脉络膜视网膜病变 | ValueError: Disease_id not found from SymMap search keys=['中心性浆液性脉络膜视网膜病变', 'Central Serous Chorioretinopathy', 'CSC']
2026-05-26T17:07:27.300774+00:00 [18/663] 中耳胆脂瘤 | key=中耳胆脂瘤 | ValueError: Disease_id not found from SymMap search keys=['中耳胆脂瘤', 'cholesteatoma of middle ear']
2026-05-26T17:07:32.922602+00:00 [19/663] 中间葡萄膜炎 | key=中间葡萄膜炎 | ValueError: Disease_id not found from SymMap search keys=['中间葡萄膜炎', 'Intermediate Uveitis']
2026-05-26T17:07:36.607562+00:00 [20/663] 丹毒】 【erysipelas | key=丹毒】 【erysipelas | ValueError: Disease_id not found from SymMap search keys=['丹毒】 【erysipelas']
2026-05-26T17:07:48.219257+00:00 [22/663] 乙状窦血栓性静脉炎 | key=乙状窦血栓性静脉炎 | ValueError: Disease_id not found from SymMap search keys=['乙状窦血栓性静脉炎', 'thrombophlebitis of the sigmoid sinus']
2026-05-26T17:07:55.062038+00:00 [23/663] 乳头溢血 | key=乳头溢血 | ValueError: Disease_id not found from SymMap search keys=['乳头溢血', '乳衄', '乳头血性分泌物']
2026-05-26T17:08:00.173283+00:00 [24/663] 乳房异常发育症 | key=乳房异常发育症 | ValueError: Disease_id not found from SymMap search keys=['乳房异常发育症', '乳疬']
2026-05-26T17:08:05.686994+00:00 [25/663] 乳房结核 | key=乳房结核 | ValueError: Disease_id not found from SymMap search keys=['乳房结核', '乳痨']
2026-05-26T17:08:15.936175+00:00 [26/663] 乳腺增生症 | key=乳腺增生症 | ValueError: Disease_id not found from SymMap search keys=['乳腺增生症', '乳癖', '乳痞', '乳腺小叶增生', '乳腺腺病']
2026-05-26T17:08:28.591397+00:00 [27/663] 乳腺癌 | key=乳腺癌 | ValueError: Disease_id not found from SymMap search keys=['乳腺癌', '乳岩', '乳腺恶性肿瘤', '乳腺恶性病变', '乳腺腺癌', '乳腺肉瘤']
2026-05-26T17:08:33.863860+00:00 [28/663] 乳腺纤维瘤 | key=乳腺纤维瘤 | ValueError: Disease_id not found from SymMap search keys=['乳腺纤维瘤', '乳核']
2026-05-26T17:08:45.849157+00:00 [30/663] 产后便秘 | key=产后便秘 | ValueError: Disease_id not found from SymMap search keys=['产后便秘', '产后大便难']
2026-05-26T17:08:53.097246+00:00 [31/663] 产后多汗 | key=产后多汗 | ValueError: Disease_id not found from SymMap search keys=['产后多汗', '产后汗证', '产后自汗']
2026-05-26T17:08:56.892377+00:00 [32/663] 产后尿潴留 | key=产后尿潴留 | ValueError: Disease_id not found from SymMap search keys=['产后尿潴留']
2026-05-26T17:09:00.350699+00:00 [33/663] 产后尿频 | key=产后尿频 | ValueError: Disease_id not found from SymMap search keys=['产后尿频']
2026-05-26T17:09:07.393102+00:00 [34/663] 产后抑郁症 | key=产后抑郁症 | ValueError: Disease_id not found from SymMap search keys=['产后抑郁症', '产后情志异常', '产褥期抑郁症']
2026-05-26T17:09:10.836250+00:00 [35/663] 产后腹痛 | key=产后腹痛 | ValueError: Disease_id not found from SymMap search keys=['产后腹痛']
2026-05-26T17:09:16.377714+00:00 [36/663] 产后身痛 | key=产后身痛 | ValueError: Disease_id not found from SymMap search keys=['产后身痛', '产后痹证']
2026-05-26T17:09:21.565007+00:00 [37/663] 产褥感染 | key=产褥感染 | ValueError: Disease_id not found from SymMap search keys=['产褥感染', '产后感染']
2026-05-26T17:09:28.536871+00:00 [38/663] 人工流产术后出血 | key=人工流产术后出血 | ValueError: Disease_id not found from SymMap search keys=['人工流产术后出血', 'Post-Abortion Bleeding', '人流术后出血']
2026-05-26T17:09:35.309477+00:00 [39/663] 代偿性月经 | key=代偿性月经 | ValueError: Disease_id not found from SymMap search keys=['代偿性月经', '经行吐衄', '倒经 icarious Menstruation (代偿性月经)']
2026-05-26T17:09:53.765001+00:00 [40/663] 代指 | key=代指 | ValueError: Disease_id not found from SymMap search keys=['代指', '甲沟炎', '指甲沟炎', '甲周炎', '甲床炎', '嵌甲炎', '急性甲沟炎', '化脓性甲沟炎', '细菌性甲沟炎', '真菌性甲沟炎']
2026-05-26T17:10:00.988769+00:00 [41/663] 代谢综合征 | key=代谢综合征 | ValueError: Disease_id not found from SymMap search keys=['代谢综合征', 'Metabolic Syndrome', 'MS']
2026-05-26T17:10:06.109605+00:00 [42/663] 传染性单核细胞增多症 | key=传染性单核细胞增多症 | ValueError: Disease_id not found from SymMap search keys=['传染性单核细胞增多症', 'EB 病毒性单核细胞增多症']
2026-05-26T17:10:20.463863+00:00 [44/663] 体位性低血压 | key=体位性低血压 | ValueError: Disease_id not found from SymMap search keys=['体位性低血压', 'Orthostatic Hypotension', 'OH']
2026-05-26T17:10:28.988811+00:00 [45/663] 便秘 | key=便秘 | ValueError: Disease_id not found from SymMap search keys=['便秘', 'Constipation', '功能性便秘', '慢传输型便秘']
2026-05-26T17:10:34.208700+00:00 [46/663] 便血 | key=便血 | ValueError: Disease_id not found from SymMap search keys=['便血', 'Hematochezia']
2026-05-26T17:10:39.826073+00:00 [47/663] 儿童反复呼吸道感染 | key=儿童反复呼吸道感染 | ValueError: Disease_id not found from SymMap search keys=['儿童反复呼吸道感染', '小儿反复呼吸道感染']
2026-05-26T17:10:43.319747+00:00 [48/663] 儿童哮喘 | key=儿童哮喘 | ValueError: Disease_id not found from SymMap search keys=['儿童哮喘']
2026-05-26T17:10:48.238762+00:00 [49/663] 儿童急性扁桃体炎 | key=儿童急性扁桃体炎 | ValueError: Disease_id not found from SymMap search keys=['儿童急性扁桃体炎', '儿童乳蛾']
2026-05-26T17:11:00.732174+00:00 [51/663] 儿童肺炎 | key=儿童肺炎 | ValueError: Disease_id not found from SymMap search keys=['儿童肺炎', '大叶性肺炎']
2026-05-26T17:11:05.579382+00:00 [52/663] 儿童腹痛 | key=儿童腹痛 | ValueError: Disease_id not found from SymMap search keys=['儿童腹痛', '以非特异性肠系膜淋巴结炎／功能性腹痛为核心']
2026-05-26T17:11:20.275850+00:00 [54/663] 先兆流产 | key=先兆流产 | ValueError: Disease_id not found from SymMap search keys=['先兆流产', '胎动不安', '妊娠先兆流产', '早期流产先兆']
2026-05-26T17:11:25.939679+00:00 [55/663] 先天性耳前瘘管 | key=先天性耳前瘘管 | ValueError: Disease_id not found from SymMap search keys=['先天性耳前瘘管', '耳痿']
2026-05-26T17:11:38.221577+00:00 [56/663] 先天性聋 | key=先天性聋 | ValueError: Disease_id not found from SymMap search keys=['先天性聋', 'sensorineural hearing loss', '传染病源性聋', '全身系统性疾病引起的耳聋', '耳毒性聋', '自身免疫性聋 主病名： 先天性聋']
2026-05-26T17:11:43.334212+00:00 [57/663] 先天性青光眼 | key=先天性青光眼 | ValueError: Disease_id not found from SymMap search keys=['先天性青光眼', 'Congenital Glaucoma']
2026-05-26T17:11:48.844179+00:00 [58/663] 克罗恩病 | key=克罗恩病 | HTTPError: 502 Server Error: Bad Gateway for url: http://www.symmap.org/search/
2026-05-26T17:11:59.817937+00:00 [60/663] 内伤发热 | key=内伤发热 | ValueError: Disease_id not found from SymMap search keys=['内伤发热', 'Internal Injury Fever']
2026-05-26T17:12:03.249352+00:00 [61/663] 内痔 | key=内痔 | ValueError: Disease_id not found from SymMap search keys=['内痔']
2026-05-26T17:12:21.743206+00:00 [63/663] 冠状动脉粥样硬化性心脏病 | key=冠状动脉粥样硬化性心脏病 | ValueError: Disease_id not found from SymMap search keys=['冠状动脉粥样硬化性心脏病', 'Coronary Atherosclerotic Heart Disease', '冠心病', '缺血性心脏病', 'CHD', '冠状动脉硬化', '冠状动脉粥样硬化']
2026-05-26T17:12:33.545716+00:00 [64/663] 冻疮 | key=冻疮 | ValueError: Disease_id not found from SymMap search keys=['冻疮', 'pernio', '耳廓冻疮', '足部冻疮', '面部冻疮', '手部冻疮']
2026-05-26T17:12:49.796206+00:00 [66/663] 前列腺癌 | key=前列腺癌 | ValueError: Disease_id not found from SymMap search keys=['前列腺癌']
2026-05-26T17:13:00.293556+00:00 [67/663] 前庭大腺炎 | key=前庭大腺炎 | ValueError: Disease_id not found from SymMap search keys=['前庭大腺炎', '阴肿', '阴疮', '阴痛', '前庭大腺脓肿']
2026-05-26T17:13:07.110100+00:00 [68/663] 前庭神经炎 | key=前庭神经炎 | ValueError: Disease_id not found from SymMap search keys=['前庭神经炎', '美尼尔氏综合征', '美尼尔氏病 主病名： 前庭神经炎']
2026-05-26T17:13:12.367000+00:00 [69/663] 前置胎盘出血 | key=前置胎盘出血 | ValueError: Disease_id not found from SymMap search keys=['前置胎盘出血', '胎漏']
2026-05-26T17:13:30.016443+00:00 [71/663] 功能失调性子宫出血 | key=功能失调性子宫出血 | ValueError: Disease_id not found from SymMap search keys=['功能失调性子宫出血', '崩漏', '无排卵性异常子宫出血', '功能性子宫出血', '异常子宫出血']
2026-05-26T17:13:45.790591+00:00 [73/663] 动脉粥样硬化 | key=动脉粥样硬化 | HTTPError: 502 Server Error: Bad Gateway for url: http://www.symmap.org/related_components/
2026-05-26T17:13:59.573557+00:00 [75/663] 化脓性中耳乳突炎并发迷路炎 | key=化脓性中耳乳突炎并发迷路炎 | ValueError: Disease_id not found from SymMap search keys=['化脓性中耳乳突炎并发迷路炎', 'otogenic labyrinthitis', '脓耳眩晕']
2026-05-26T17:14:04.271031+00:00 [76/663] 化脓性关节炎 | key=化脓性关节炎 | ValueError: Disease_id not found from SymMap search keys=['化脓性关节炎', 'Suppurative Arthritis']
2026-05-26T17:14:09.561090+00:00 [77/663] 化脓性腮腺炎 | key=化脓性腮腺炎 | ValueError: Disease_id not found from SymMap search keys=['化脓性腮腺炎', '发颐']
2026-05-26T17:14:14.734634+00:00 [78/663] 化脓性骨髓炎 | key=化脓性骨髓炎 | ValueError: Disease_id not found from SymMap search keys=['化脓性骨髓炎', '附骨疽']
2026-05-26T17:14:20.259078+00:00 [79/663] 化脓性髋关节炎 | key=化脓性髋关节炎 | ValueError: Disease_id not found from SymMap search keys=['化脓性髋关节炎', '环跳疽']
2026-05-26T17:14:34.572676+00:00 [80/663] 单纯性甲状腺肿 | key=单纯性甲状腺肿 | ValueError: Disease_id not found from SymMap search keys=['单纯性甲状腺肿', '气瘿', '大脖子病', '地方性甲状腺肿', '非毒性甲状腺肿', '散发性甲状腺肿', '甲状腺肿', '缺碘性甲状腺肿']
2026-05-26T17:14:44.105542+00:00 [81/663] 单纯疱疹 | key=单纯疱疹 | ValueError: Disease_id not found from SymMap search keys=['单纯疱疹', 'herpes simplex', '热疮', '单纯疱疹病毒感染', 'HSV感染（单纯疱疹病毒）']
2026-05-26T17:14:51.474590+00:00 [82/663] 单纯疱疹病毒性角膜炎 | key=单纯疱疹病毒性角膜炎 | ValueError: Disease_id not found from SymMap search keys=['单纯疱疹病毒性角膜炎', 'Herpes Simplex Keratitis', 'HSK']
2026-05-26T17:15:01.976738+00:00 [83/663] 单纯糠疹 | key=单纯糠疹 | ValueError: Disease_id not found from SymMap search keys=['单纯糠疹', 'pityriasis simplex', '白色糠疹', '吹花癣', '渗出性慢性单纯性糠疹']
2026-05-26T17:15:09.581907+00:00 [84/663] 卵巢恶性肿瘤 | key=卵巢恶性肿瘤 | ValueError: Disease_id not found from SymMap search keys=['卵巢恶性肿瘤', '原发性卵巢恶性肿瘤', '卵巢癌']
2026-05-26T17:15:32.000419+00:00 [87/663] 原发性开角型青光眼 | key=原发性开角型青光眼 | ValueError: Disease_id not found from SymMap search keys=['原发性开角型青光眼', 'Primary Open-Angle Glaucoma', '慢性单纯性青光眼']
2026-05-26T17:15:37.431126+00:00 [88/663] 原发性皮肤 T 细胞淋巴瘤 | key=原发性皮肤 T 细胞淋巴瘤 | ValueError: Disease_id not found from SymMap search keys=['原发性皮肤 T 细胞淋巴瘤', '蕈样恶疮']
2026-05-26T17:15:55.433235+00:00 [91/663] 原发性闭角型青光眼 | key=原发性闭角型青光眼 | ValueError: Disease_id not found from SymMap search keys=['原发性闭角型青光眼', 'Primary Angle-Closure Glaucoma']
2026-05-26T17:16:00.686440+00:00 [92/663] 反流性咳嗽 | key=反流性咳嗽 | ValueError: Disease_id not found from SymMap search keys=['反流性咳嗽', 'GERC相关咳嗽']
2026-05-26T17:16:10.043968+00:00 [93/663] 反流性食管炎 | key=反流性食管炎 | ValueError: Disease_id not found from SymMap search keys=['反流性食管炎', 'Reflux Esophagitis', '吐酸', '反酸', '胃食管反流病']
2026-05-26T17:16:37.439268+00:00 [95/663] 变应性鼻炎 | key=变应性鼻炎 | ValueError: Disease_id not found from SymMap search keys=['变应性鼻炎', 'allergic rhinitis', 'AR', '变态反应性鼻炎', '过敏性鼻炎', '鼻鼽', '季节性鼻炎', '常年性鼻炎 主病名： 非变应性鼻炎', '血管运动性鼻炎', '血管舒缩性鼻炎', '非过敏性鼻炎']
2026-05-26T17:16:42.736807+00:00 [96/663] 口底部蜂窝组织炎 | key=口底部蜂窝组织炎 | ValueError: Disease_id not found from SymMap search keys=['口底部蜂窝组织炎', '锁喉痈']
2026-05-26T17:16:47.945927+00:00 [97/663] 口腔念珠菌病 | key=口腔念珠菌病 | ValueError: Disease_id not found from SymMap search keys=['口腔念珠菌病', '口糜']
2026-05-26T17:16:51.887651+00:00 [98/663] 口腔扁平苔藓 | key=口腔扁平苔藓 | ValueError: Disease_id not found from SymMap search keys=['口腔扁平苔藓']
2026-05-26T17:16:59.543796+00:00 [99/663] 口臭 | key=口臭 | ValueError: Disease_id not found from SymMap search keys=['口臭', '口腔异味']
2026-05-26T17:17:07.024385+00:00 [100/663] 吉兰-巴雷综合征 | key=吉兰-巴雷综合征 | ValueError: Disease_id not found from SymMap search keys=['吉兰-巴雷综合征', '格林-巴利综合征', '急性炎症性脱髓鞘性多发性神经病']
2026-05-26T17:17:12.302482+00:00 [101/663] 后葡萄膜炎 | key=后葡萄膜炎 | ValueError: Disease_id not found from SymMap search keys=['后葡萄膜炎', 'Posterior Uveitis']
2026-05-26T17:17:20.235684+00:00 [102/663] 呃逆 | key=呃逆 | ValueError: Disease_id not found from SymMap search keys=['呃逆', 'Hiccups', '膈肌痉挛 (作为可能的原因)']
2026-05-26T17:17:26.395787+00:00 [103/663] 呕吐 | key=呕吐 | ValueError: Disease_id not found from SymMap search keys=['呕吐', 'Vomiting']
2026-05-26T17:17:37.167534+00:00 [104/663] 呕血 | key=呕血 | ValueError: Disease_id not found from SymMap search keys=['呕血', 'Hematemesis', '吐血']
2026-05-26T17:18:05.457636+00:00 [105/663] 周围血管疾病 | key=周围血管疾病 | ValueError: Disease_id not found from SymMap search keys=['周围血管疾病', 'Peripheral Vascular Disease', 'PVD', '血栓闭塞性脉管炎', '雷诺病', '大动脉炎', '动脉粥样硬化闭塞症', '下肢静脉曲张', '血栓性静脉炎', '深静脉血栓', '雷诺综合征', '雷诺现象']
2026-05-26T17:18:21.334790+00:00 [107/663] 咯血 | key=咯血 | ValueError: Disease_id not found from SymMap search keys=['咯血', 'Hemoptysis', '咳血']
2026-05-26T17:18:25.118194+00:00 [108/663] 咳嗽变异性哮喘 | key=咳嗽变异性哮喘 | ValueError: Disease_id not found from SymMap search keys=['咳嗽变异性哮喘']
2026-05-26T17:18:40.238549+00:00 [109/663] 咽异感症 | key=咽异感症 | ValueError: Disease_id not found from SymMap search keys=['咽异感症', 'abnormal sensation of throat', '癔球症', '咽神经官能症', '梅核气']
2026-05-26T17:18:46.900639+00:00 [110/663] 咽结合膜热 | key=咽结合膜热 | ValueError: Disease_id not found from SymMap search keys=['咽结合膜热', '咽-结合膜热']
2026-05-26T17:18:54.990769+00:00 [111/663] 咽部灼伤 | key=咽部灼伤 | ValueError: Disease_id not found from SymMap search keys=['咽部灼伤', '咽部化学烧伤', '咽部热力烧伤']
2026-05-26T17:19:02.823516+00:00 [112/663] 咽部脓肿 | key=咽部脓肿 | ValueError: Disease_id not found from SymMap search keys=['咽部脓肿', '喉痈', '咽蜂窝织炎']
2026-05-26T17:19:06.119671+00:00 [113/663] 喉创伤 | key=喉创伤 | ValueError: Disease_id not found from SymMap search keys=['喉创伤']
2026-05-26T17:19:15.643116+00:00 [114/663] 喉梗阻 | key=喉梗阻 | ValueError: Disease_id not found from SymMap search keys=['喉梗阻', '喉风', '喉梗塞', '喉阻塞', '喉部梗阻']
2026-05-26T17:19:25.276087+00:00 [115/663] 喉源性咳嗽 | key=喉源性咳嗽 | ValueError: Disease_id not found from SymMap search keys=['喉源性咳嗽', '喉咳', '咳嗽变异性喉炎', '喉部刺激性咳嗽']
2026-05-26T17:19:42.757448+00:00 [116/663] 喉癌 | key=喉癌 | ValueError: Disease_id not found from SymMap search keys=['喉癌', 'carcinoma of the larynx', '喉咽恶性肿瘤', '咽喉恶性肿瘤', '喉部恶性肿瘤', '假声带恶性肿瘤', '喉室带恶性肿瘤', '声门下恶性肿瘤', '喉软骨恶性肿瘤']
2026-05-26T17:19:49.180354+00:00 [117/663] 喉结核 | key=喉结核 | ValueError: Disease_id not found from SymMap search keys=['喉结核', '喉癣']
2026-05-26T17:19:53.011634+00:00 [118/663] 喉阻塞 | key=喉阻塞 | ValueError: Disease_id not found from SymMap search keys=['喉阻塞']
2026-05-26T17:20:06.178663+00:00 [120/663] 嘈杂 | key=嘈杂 | ValueError: Disease_id not found from SymMap search keys=['嘈杂', 'Heartburn']
2026-05-26T17:20:16.282441+00:00 [121/663] 噪声性聋 | key=噪声性聋 | ValueError: Disease_id not found from SymMap search keys=['噪声性聋', 'noise induced deafness', '慢性声损伤', 'chronic acoustic trauma', '噪声性听力损失']
2026-05-26T17:20:22.101581+00:00 [122/663] 回乳 | key=回乳 | ValueError: Disease_id not found from SymMap search keys=['回乳', '断乳']
2026-05-26T17:20:46.765019+00:00 [123/663] 坐板疮 | key=坐板疮 | ValueError: Disease_id not found from SymMap search keys=['坐板疮', '臀部毛囊炎', '臀部痤疮样毛囊炎', '臀部化脓性毛囊炎', '臀部葡萄球菌性毛囊炎', '臀部毛囊感染', '臀部细菌性毛囊炎', '慢性臀部毛囊炎', '臀部毛囊脓疱', '臀部毛囊脓肿']
2026-05-26T17:21:16.127509+00:00 [126/663] 声带小结 | key=声带小结 | HTTPError: 502 Server Error: Bad Gateway for url: http://www.symmap.org/search/
2026-05-26T17:21:35.185668+00:00 [127/663] 声带息肉 | key=声带息肉 | HTTPError: 502 Server Error: Bad Gateway for url: http://www.symmap.org/search/
2026-05-26T17:21:42.617068+00:00 [128/663] 备孕 | key=备孕 | ValueError: Disease_id not found from SymMap search keys=['备孕', '计划行辅助生殖技术', 'ART（辅助生殖技术）准备期']
2026-05-26T17:21:50.301808+00:00 [129/663] 复发性阿弗他溃疡 | key=复发性阿弗他溃疡 | ValueError: Disease_id not found from SymMap search keys=['复发性阿弗他溃疡', '口疮', '口腔溃疡']
2026-05-26T17:22:10.994349+00:00 [130/663] 夏季皮炎 | key=夏季皮炎 | ValueError: Disease_id not found from SymMap search keys=['夏季皮炎', '痱子', '汗疹', '热源性皮炎', '多形日光疹', '热带粟粒疹', '暑热皮炎', '季节性皮炎(夏季型)']
2026-05-26T17:22:17.829698+00:00 [131/663] 外痔 | key=外痔 | ValueError: Disease_id not found from SymMap search keys=['外痔']
2026-05-26T17:22:37.407266+00:00 [132/663] 外耳湿疹 | key=外耳湿疹 | ValueError: Disease_id not found from SymMap search keys=['外耳湿疹', 'eczema of external ear', '旋耳疮', '月食疮', '月蚀疮', '月蚀疳疮', '黄水疮']
2026-05-26T17:22:58.917490+00:00 [133/663] 外耳道疖 | key=外耳道疖 | ValueError: Disease_id not found from SymMap search keys=['外耳道疖', '耳疖', 'furuncle of external acoustic meatus', '耳疳']
2026-05-26T17:23:10.048686+00:00 [134/663] 外耳道真菌病 | key=外耳道真菌病 | ValueError: Disease_id not found from SymMap search keys=['外耳道真菌病', 'otomycosis', '真菌性外耳道炎', '耳痒']
2026-05-26T17:23:17.923680+00:00 [135/663] 外阴慢性单纯性苔藓 | key=外阴慢性单纯性苔藓 | ValueError: Disease_id not found from SymMap search keys=['外阴慢性单纯性苔藓']
2026-05-26T17:23:25.400940+00:00 [136/663] 外阴瘙痒症 | key=外阴瘙痒症 | ValueError: Disease_id not found from SymMap search keys=['外阴瘙痒症', '阴痒', '外阴瘙痒']
2026-05-26T17:23:29.930188+00:00 [137/663] 外阴硬化性苔藓 | key=外阴硬化性苔藓 | ValueError: Disease_id not found from SymMap search keys=['外阴硬化性苔藓']
2026-05-26T17:23:37.871080+00:00 [138/663] 外阴良性肿瘤 | key=外阴良性肿瘤 | ValueError: Disease_id not found from SymMap search keys=['外阴良性肿瘤', '外阴纤维瘤', '外阴乳头状瘤']
2026-05-26T17:23:42.211190+00:00 [139/663] 外阴阴道假丝酵母菌病 | key=外阴阴道假丝酵母菌病 | ValueError: Disease_id not found from SymMap search keys=['外阴阴道假丝酵母菌病']
2026-05-26T17:23:58.749653+00:00 [141/663] 多发性骨髓瘤 | key=多发性骨髓瘤 | ValueError: Disease_id not found from SymMap search keys=['多发性骨髓瘤']
2026-05-26T17:24:11.660534+00:00 [142/663] 多器官功能障碍综合征 | key=多器官功能障碍综合征 | ValueError: Disease_id not found from SymMap search keys=['多器官功能障碍综合征', 'Multiple Organ Dysfunction Syndrome', 'MODS', '老年多器官功能不全综合征', '老年多器官功能衰竭']
2026-05-26T17:24:23.743114+00:00 [143/663] 多囊卵巢综合征 | key=多囊卵巢综合征 | ValueError: Disease_id not found from SymMap search keys=['多囊卵巢综合征', 'Stein-Leventhal综合征', 'PCOS']
2026-05-26T17:24:34.145617+00:00 [144/663] 多形性红斑 | key=多形性红斑 | ValueError: Disease_id not found from SymMap search keys=['多形性红斑', '多形性红斑病', '多形红斑', '靶形红斑', '猫眼疮']
2026-05-26T17:24:42.550495+00:00 [145/663] 多汗症 | key=多汗症 | ValueError: Disease_id not found from SymMap search keys=['多汗症', 'Hyperhidrosis', '汗证']
2026-05-26T17:25:08.520789+00:00 [147/663] 天疱疮 | key=天疱疮 | ValueError: Disease_id not found from SymMap search keys=['天疱疮', '寻常型天疱疮', '生殖型天疱疮', '叶状天疱疮', '红斑性天疱疮', '药物性天疱疮', '特发性天疱疮']
2026-05-26T17:25:15.348926+00:00 [148/663] 失眠 | key=失眠 | ValueError: Disease_id not found from SymMap search keys=['失眠', '不寐']
2026-05-26T17:25:28.218284+00:00 [149/663] 头痛 | key=头痛 | ValueError: Disease_id not found from SymMap search keys=['头痛', 'Headache', '偏头痛', '紧张性头痛', '丛集性头痛', '急性外伤性头痛']
2026-05-26T17:25:44.907468+00:00 [150/663] 头癣 | key=头癣 | ValueError: Disease_id not found from SymMap search keys=['头癣', '头部浅部真菌病', '头皮癣', '毛发癣', '头皮真菌感染', '头部皮肤癣菌病', '毛发真菌病', '体癣菌头癣', '小孢子菌头癣']
2026-05-26T17:25:59.378242+00:00 [151/663] 头部脓肿性穿掘性毛囊周围炎 | key=头部脓肿性穿掘性毛囊周围炎 | ValueError: Disease_id not found from SymMap search keys=['头部脓肿性穿掘性毛囊周围炎', '头皮探道性化脓性毛囊周围炎', '头皮脓肿性穿道性毛囊炎', '头皮脓肿穿道性毛囊周围炎', '头部化脓性探道性毛囊炎', '头部化脓性穿掘性毛囊周围炎', '蝼蛄疖']
2026-05-26T17:26:11.820209+00:00 [152/663] 女性不孕症 | key=女性不孕症 | ValueError: Disease_id not found from SymMap search keys=['女性不孕症', '不排卵性不孕', '输卵管起因的女性不孕症', '输卵管阻塞性不孕', '输卵管闭锁性不孕', '输卵管狭窄性不孕']
2026-05-26T17:26:18.696146+00:00 [153/663] 妊娠剧吐 | key=妊娠剧吐 | ValueError: Disease_id not found from SymMap search keys=['妊娠剧吐', '妊娠恶阻', '妊娠呕吐']
2026-05-26T17:26:23.882404+00:00 [154/663] 妊娠合并心脏病 | key=妊娠合并心脏病 | ValueError: Disease_id not found from SymMap search keys=['妊娠合并心脏病', '妊娠期心脏病']
2026-05-26T17:26:27.311546+00:00 [155/663] 妊娠合并特发性血小板减少性紫癜 | key=妊娠合并特发性血小板减少性紫癜 | ValueError: Disease_id not found from SymMap search keys=['妊娠合并特发性血小板减少性紫癜']
2026-05-26T17:26:34.632082+00:00 [156/663] 妊娠合并病毒性肝炎 | key=妊娠合并病毒性肝炎 | ValueError: Disease_id not found from SymMap search keys=['妊娠合并病毒性肝炎', '妊娠合并黄疸型肝炎', '妊娠黄疸']
2026-05-26T17:26:42.926704+00:00 [157/663] 妊娠合并糖尿病 | key=妊娠合并糖尿病 | ValueError: Disease_id not found from SymMap search keys=['妊娠合并糖尿病', '孕前糖尿病', '糖尿病合并妊娠', '妊娠期糖尿病']
2026-05-26T17:26:46.613654+00:00 [158/663] 妊娠合并贫血 | key=妊娠合并贫血 | ValueError: Disease_id not found from SymMap search keys=['妊娠合并贫血']
2026-05-26T17:26:54.273405+00:00 [159/663] 妊娠期合并上呼吸道感染 | key=妊娠期合并上呼吸道感染 | ValueError: Disease_id not found from SymMap search keys=['妊娠期合并上呼吸道感染', '妊娠咳嗽', '妊娠期急慢性支气管炎']
2026-05-26T17:27:02.664211+00:00 [160/663] 妊娠期肝内胆汁淤积症 | key=妊娠期肝内胆汁淤积症 | ValueError: Disease_id not found from SymMap search keys=['妊娠期肝内胆汁淤积症', 'intrahepatic cholestasis of pregnancy', 'ICP', '妊娠身痒']
2026-05-26T17:27:12.735594+00:00 [161/663] 妊娠期高血压疾病 | key=妊娠期高血压疾病 | ValueError: Disease_id not found from SymMap search keys=['妊娠期高血压疾病', '妊娠高血压', '子肿', '子痫', '妊高症']
2026-05-26T17:27:16.389012+00:00 [162/663] 妊娠过期 | key=妊娠过期 | ValueError: Disease_id not found from SymMap search keys=['妊娠过期']
2026-05-26T17:27:23.554778+00:00 [163/663] 婴儿湿疹 | key=婴儿湿疹 | ValueError: Disease_id not found from SymMap search keys=['婴儿湿疹', '奶癣', '胎敛疮']
2026-05-26T17:27:27.203096+00:00 [164/663] 婴儿血管瘤 | key=婴儿血管瘤 | ValueError: Disease_id not found from SymMap search keys=['婴儿血管瘤']
2026-05-26T17:27:30.953226+00:00 [165/663] 子宫内膜异位症 主病名：子宫内膜息肉 | key=子宫内膜异位症 主病名：子宫内膜息肉 | ValueError: Disease_id not found from SymMap search keys=['子宫内膜异位症 主病名：子宫内膜息肉']
2026-05-26T17:27:36.896379+00:00 [166/663] 子宫肌瘤 | key=子宫肌瘤 | ValueError: Disease_id not found from SymMap search keys=['子宫肌瘤', '子宫平滑肌瘤']
2026-05-26T17:27:46.253377+00:00 [167/663] 子宫脱垂 | key=子宫脱垂 | ValueError: Disease_id not found from SymMap search keys=['子宫脱垂', '阴挺', '子宫下垂', '阴道脱垂']
2026-05-26T17:27:51.704879+00:00 [168/663] 子宫腺肌症 | key=子宫腺肌症 | ValueError: Disease_id not found from SymMap search keys=['子宫腺肌症', '子宫腺肌病']
2026-05-26T17:27:55.202715+00:00 [169/663] 子宫颈炎 | key=子宫颈炎 | ValueError: Disease_id not found from SymMap search keys=['子宫颈炎']
2026-05-26T17:28:01.775886+00:00 [170/663] 子宫颈癌 | key=子宫颈癌 | ValueError: Disease_id not found from SymMap search keys=['子宫颈癌', '宫颈癌', '子宫颈恶性肿瘤 HPV 感染']
2026-05-26T17:28:10.072359+00:00 [171/663] 宫内节育器相关并发症 | key=宫内节育器相关并发症 | ValueError: Disease_id not found from SymMap search keys=['宫内节育器相关并发症', '宫内节育器副反应', '放环后经期延长', '曼月乐环后经期延长']
2026-05-26T17:28:19.796740+00:00 [172/663] 家族性良性慢性天疱疮 | key=家族性良性慢性天疱疮 | ValueError: Disease_id not found from SymMap search keys=['家族性良性慢性天疱疮', 'familial chronic benign pemphigus', 'Hailey-Hailey病', '皱褶疱疮', '慢性良性天疱疮']
2026-05-26T17:28:26.589917+00:00 [173/663] 寻常疣 | key=寻常疣 | ValueError: Disease_id not found from SymMap search keys=['寻常疣', 'verruca vulgaris', '跖疣']
2026-05-26T17:28:31.667633+00:00 [174/663] 小儿中毒型细菌性痢疾 | key=小儿中毒型细菌性痢疾 | ValueError: Disease_id not found from SymMap search keys=['小儿中毒型细菌性痢疾', '中毒性痢疾']
2026-05-26T17:28:37.155510+00:00 [175/663] 小儿功能性便秘 | key=小儿功能性便秘 | ValueError: Disease_id not found from SymMap search keys=['小儿功能性便秘', '慢传输型便秘']
2026-05-26T17:28:42.284127+00:00 [176/663] 小儿单纯性肥胖 | key=小儿单纯性肥胖 | ValueError: Disease_id not found from SymMap search keys=['小儿单纯性肥胖', '儿童单纯性肥胖症']
2026-05-26T17:28:52.109884+00:00 [177/663] 小儿厌食 | key=小儿厌食 | ValueError: Disease_id not found from SymMap search keys=['小儿厌食', '小儿厌食症', '儿童厌食', '儿童厌食症', '小儿食欲不振']
2026-05-26T17:28:57.775382+00:00 [178/663] 小儿夜啼 | key=小儿夜啼 | ValueError: Disease_id not found from SymMap search keys=['小儿夜啼', '婴儿夜啼']
2026-05-26T17:29:01.712891+00:00 [179/663] 小儿心力衰竭 | key=小儿心力衰竭 | ValueError: Disease_id not found from SymMap search keys=['小儿心力衰竭']
2026-05-26T17:29:05.121042+00:00 [180/663] 小儿急性喉炎 | key=小儿急性喉炎 | ValueError: Disease_id not found from SymMap search keys=['小儿急性喉炎']
2026-05-26T17:29:15.980962+00:00 [181/663] 小儿急性肾小球肾炎 | key=小儿急性肾小球肾炎 | ValueError: Disease_id not found from SymMap search keys=['小儿急性肾小球肾炎', '急性肾小球肾炎', '急性链球菌感染后肾小球肾炎', '急性肾炎综合征', '小儿急性肾炎']
2026-05-26T17:29:21.452827+00:00 [182/663] 小儿惊厥 | key=小儿惊厥 | ValueError: Disease_id not found from SymMap search keys=['小儿惊厥', '热性惊厥']
2026-05-26T17:29:26.986645+00:00 [183/663] 小儿汗证 | key=小儿汗证 | ValueError: Disease_id not found from SymMap search keys=['小儿汗证', '小儿多汗症']
2026-05-26T17:29:32.410108+00:00 [184/663] 小儿消化不良 | key=小儿消化不良 | ValueError: Disease_id not found from SymMap search keys=['小儿消化不良', '消化不良']
2026-05-26T17:29:35.813714+00:00 [185/663] 小儿热性惊厥 | key=小儿热性惊厥 | HTTPError: 502 Server Error: Bad Gateway for url: http://www.symmap.org/search/
2026-05-26T17:29:39.510466+00:00 [186/663] 小儿病毒性心肌炎 | key=小儿病毒性心肌炎 | ValueError: Disease_id not found from SymMap search keys=['小儿病毒性心肌炎']
2026-05-26T17:29:44.471973+00:00 [187/663] 小儿病毒性脑炎 | key=小儿病毒性脑炎 | ValueError: Disease_id not found from SymMap search keys=['小儿病毒性脑炎', '儿童病毒性脑炎']
2026-05-26T17:29:47.888826+00:00 [188/663] 小儿癫痫 | key=小儿癫痫 | ValueError: Disease_id not found from SymMap search keys=['小儿癫痫']
2026-05-26T17:29:57.694037+00:00 [189/663] 小儿矮小症 | key=小儿矮小症 | ValueError: Disease_id not found from SymMap search keys=['小儿矮小症', '矮小症', '青春期生长发育迟缓', '生长激素缺乏症', '特发性矮小症']
2026-05-26T17:30:09.675047+00:00 [190/663] 小儿紫癜 | key=小儿紫癜 | ValueError: Disease_id not found from SymMap search keys=['小儿紫癜', 'Henoch-Schonlein syndrome', 'Henoch-Schonlein purpura', 'HSP', '儿7天紫癜', '小儿IgA血']
2026-05-26T17:30:16.307083+00:00 [191/663] 小儿肠炎 | key=小儿肠炎 | ValueError: Disease_id not found from SymMap search keys=['小儿肠炎', '幼儿腹泻', '婴儿肠炎']
2026-05-26T17:30:20.017739+00:00 [192/663] 小儿肾病综合征 | key=小儿肾病综合征 | ValueError: Disease_id not found from SymMap search keys=['小儿肾病综合征']
2026-05-26T17:30:23.433874+00:00 [193/663] 小儿胃炎 | key=小儿胃炎 | ValueError: Disease_id not found from SymMap search keys=['小儿胃炎']
2026-05-26T17:30:31.417792+00:00 [194/663] 小儿营养性缺铁性贫血 | key=小儿营养性缺铁性贫血 | ValueError: Disease_id not found from SymMap search keys=['小儿营养性缺铁性贫血', '儿童缺铁性贫血', '小儿缺铁性贫血']
2026-05-26T17:30:37.006520+00:00 [195/663] 小儿风湿热 | key=小儿风湿热 | ValueError: Disease_id not found from SymMap search keys=['小儿风湿热', '儿童风湿热']
2026-05-26T17:30:55.432077+00:00 [198/663] 尖锐湿疣 | key=尖锐湿疣 | ValueError: Disease_id not found from SymMap search keys=['尖锐湿疣', 'Condyloma Acuminatum']
2026-05-26T17:31:13.608046+00:00 [201/663] 尿浊 | key=尿浊 | ValueError: Disease_id not found from SymMap search keys=['尿浊', 'Turbid Urine', '乳糜尿']
2026-05-26T17:31:29.222492+00:00 [203/663] 尿石症 | key=尿石症 | ValueError: Disease_id not found from SymMap search keys=['尿石症', '肾结石', '输尿管结石', '膀胱结石', '尿道结石']
2026-05-26T17:31:41.021946+00:00 [205/663] 尿频 | key=尿频 | ValueError: Disease_id not found from SymMap search keys=['尿频', '尿频症']
2026-05-26T17:31:46.240079+00:00 [206/663] 巩膜外层炎 | key=巩膜外层炎 | ValueError: Disease_id not found from SymMap search keys=['巩膜外层炎', 'Episcleritis']
2026-05-26T17:31:51.394362+00:00 [207/663] 巩膜炎 | key=巩膜炎 | ValueError: Disease_id not found from SymMap search keys=['巩膜炎', 'Scleritis']
2026-05-26T17:31:56.302309+00:00 [208/663] 帕金森病 | key=帕金森病 | HTTPError: 502 Server Error: Bad Gateway for url: http://www.symmap.org/search/
2026-05-26T17:32:16.085899+00:00 [209/663] 带状疱疹 | key=带状疱疹 | ValueError: Disease_id not found from SymMap search keys=['带状疱疹', 'herpes zoster', '蛇串疮', '眼睑带状疱疹', '播散性带状疱疹', '泛发性带状疱疹', '外耳带状疱疹', '带状疱疹不伴有并发症', '不全性带状疱疹', '顿挫性带状疱疹', '内脏带状疱疹']
2026-05-26T17:32:22.389677+00:00 [210/663] 干燥性鼻炎 | key=干燥性鼻炎 | ValueError: Disease_id not found from SymMap search keys=['干燥性鼻炎', 'rhinitis sicca', '鼻燥']
2026-05-26T17:32:27.317906+00:00 [211/663] 干燥综合征 | key=干燥综合征 | ValueError: Disease_id not found from SymMap search keys=['干燥综合征', '燥毒症']
2026-05-26T17:32:32.157016+00:00 [212/663] 干眼症 | key=干眼症 | ValueError: Disease_id not found from SymMap search keys=['干眼症', 'Dry Eye Syndrome']
2026-05-26T17:32:39.080532+00:00 [213/663] 年龄相关性白内障 | key=年龄相关性白内障 | ValueError: Disease_id not found from SymMap search keys=['年龄相关性白内障', 'Age-Related Cataract', '老年性白内障']
2026-05-26T17:32:47.057993+00:00 [214/663] 年龄相关性黄斑变性 | key=年龄相关性黄斑变性 | ValueError: Disease_id not found from SymMap search keys=['年龄相关性黄斑变性', 'Age-Related Macular Degeneration', '老年性黄斑变性', 'ARMD']
2026-05-26T17:32:53.524889+00:00 [215/663] 幼儿急疹 | key=幼儿急疹 | HTTPError: 502 Server Error: Bad Gateway for url: http://www.symmap.org/search/
2026-05-26T17:33:02.823622+00:00 [216/663] 幼年特发性关节炎 | key=幼年特发性关节炎 | ValueError: Disease_id not found from SymMap search keys=['幼年特发性关节炎', 'juvenile idiopathic arthritis', 'JIA', '儿童类风湿关节炎', '幼年型类风湿关节炎']
2026-05-26T17:33:09.596803+00:00 [217/663] 幽门梗阻 | key=幽门梗阻 | ValueError: Disease_id not found from SymMap search keys=['幽门梗阻', 'Pyloric Obstruction', '无']
2026-05-26T17:33:14.686071+00:00 [218/663] 库欣综合征 | key=库欣综合征 | HTTPError: 502 Server Error: Bad Gateway for url: http://www.symmap.org/search/
2026-05-26T17:33:27.147381+00:00 [220/663] 异常子宫出血 | key=异常子宫出血 | ValueError: Disease_id not found from SymMap search keys=['异常子宫出血', '月经不规则', '月经先后不定期']
2026-05-26T17:33:38.684087+00:00 [222/663] 弥漫性外耳道炎 | key=弥漫性外耳道炎 | ValueError: Disease_id not found from SymMap search keys=['弥漫性外耳道炎', '耳疮']
2026-05-26T17:33:43.822872+00:00 [223/663] 弱视 | key=弱视 | ValueError: Disease_id not found from SymMap search keys=['弱视', 'Amblyopia']
2026-05-26T17:34:18.362025+00:00 [227/663] 心肌病 | key=心肌病 | ValueError: Disease_id not found from SymMap search keys=['心肌病', 'Cardiomyopathy', '扩张型心肌病', '肥厚型心肌病', '右室心肌病', '未定型心肌病', '限制型心肌病', '致心律失常型右室心肌病']
2026-05-26T17:35:15.318998+00:00 [228/663] 心脏瓣膜病 | key=心脏瓣膜病 | ValueError: Disease_id not found from SymMap search keys=['心脏瓣膜病', 'Valvular Heart Disease', '风湿性心脏病', '风心病', '先天性二尖瓣狭窄', '先天性主动脉瓣狭窄', '先天性主动脉瓣关闭不全', '先天性二尖瓣关闭不全', '先天性三尖瓣狭窄', '风湿性心瓣膜病', '感染性心内膜炎', '老年退行性心瓣膜病', '黏液样变性心瓣膜病', '二尖瓣关闭不全', '主动脉瓣狭窄']
2026-05-26T17:35:26.406525+00:00 [230/663] 急性上呼吸道感染 | key=急性上呼吸道感染 | ValueError: Disease_id not found from SymMap search keys=['急性上呼吸道感染', '感冒']
2026-05-26T17:35:34.314815+00:00 [231/663] 急性会厌炎 | key=急性会厌炎 | ValueError: Disease_id not found from SymMap search keys=['急性会厌炎', 'acute epiglottitis', '急性声门上喉炎', '急性会厌喉炎']
2026-05-26T17:50:41.702675+00:00 [232/663] 急性化脓性中耳炎 | key=急性化脓性中耳炎 | ValueError: Disease_id not found from SymMap search keys=['急性化脓性中耳炎', 'acute suppurative otitis media', '急脓耳', '耳漏']
2026-05-26T17:50:48.220023+00:00 [233/663] 急性化脓性乳腺炎 | key=急性化脓性乳腺炎 | ValueError: Disease_id not found from SymMap search keys=['急性化脓性乳腺炎', '乳痈']
2026-05-26T17:50:56.570121+00:00 [234/663] 急性化脓性扁桃体炎 | key=急性化脓性扁桃体炎 | ValueError: Disease_id not found from SymMap search keys=['急性化脓性扁桃体炎', '急性扁桃体炎', '链球菌性扁桃体炎', '急性滤泡性扁桃体炎']
2026-05-26T17:51:10.227428+00:00 [235/663] 急性发热性嗜中性皮病 | key=急性发热性嗜中性皮病 | ValueError: Disease_id not found from SymMap search keys=['急性发热性嗜中性皮病', 'Sweet综合征', 'Sweet病', 'Sweet氏病', 'Sweet氏综合征', '嗜中性皮病', '急性嗜中性皮炎']
2026-05-26T17:51:18.836935+00:00 [236/663] 急性呼吸窘迫综合征 | key=急性呼吸窘迫综合征 | ValueError: Disease_id not found from SymMap search keys=['急性呼吸窘迫综合征', 'Acute Respiratory Distress Syndrome', 'ARDS', '急性呼吸窘迫症']
2026-05-26T17:51:26.785882+00:00 [237/663] 急性咽炎 | key=急性咽炎 | ValueError: Disease_id not found from SymMap search keys=['急性咽炎', 'acute pharyngitis', '急喉痹', '急性咽部炎']
2026-05-26T18:06:58.812176+00:00 [238/663] 急性喉炎 | key=急性喉炎 | ValueError: Disease_id not found from SymMap search keys=['急性喉炎', '暴喑', '急喉喑']
2026-05-26T18:07:06.425365+00:00 [239/663] 急性心包炎 | key=急性心包炎 | ValueError: Disease_id not found from SymMap search keys=['急性心包炎', 'Acute Pericarditis', '病毒性心包炎', '细菌性心包炎']
2026-05-26T18:07:11.231489+00:00 [240/663] 急性支气管炎 | key=急性支气管炎 | ValueError: Disease_id not found from SymMap search keys=['急性支气管炎', '急性感染性支气管炎']
2026-05-26T18:07:14.569782+00:00 [241/663] 急性泪囊炎 | key=急性泪囊炎 | HTTPError: 502 Server Error: Bad Gateway for url: http://www.symmap.org/search/
2026-05-26T18:07:19.349057+00:00 [242/663] 急性淋巴管炎 | key=急性淋巴管炎 | ValueError: Disease_id not found from SymMap search keys=['急性淋巴管炎', '红丝疖']
2026-05-26T18:07:26.064719+00:00 [243/663] 急性白血病 | key=急性白血病 | ValueError: Disease_id not found from SymMap search keys=['急性白血病', 'Acute Leukemia', 'AL']
2026-05-26T18:07:29.774735+00:00 [244/663] 急性细菌性前列腺炎 | key=急性细菌性前列腺炎 | ValueError: Disease_id not found from SymMap search keys=['急性细菌性前列腺炎']
2026-05-26T18:07:47.787532+00:00 [245/663] 急性细菌性结膜炎 | key=急性细菌性结膜炎 | ReadTimeout: HTTPConnectionPool(host='127.0.0.1', port=7890): Read timed out. (read timeout=15)
2026-05-26T18:07:52.833687+00:00 [246/663] 急性细菌性脑膜炎 | key=急性细菌性脑膜炎 | ValueError: Disease_id not found from SymMap search keys=['急性细菌性脑膜炎']
2026-05-26T18:08:04.613063+00:00 [247/663] 急性肾小球肾炎 | key=急性肾小球肾炎 | ValueError: Disease_id not found from SymMap search keys=['急性肾小球肾炎', 'Acute Glomerulonephritis', '急性肾炎']
2026-05-26T18:08:38.528300+00:00 [250/663] 急性视网膜坏死综合征 | key=急性视网膜坏死综合征 | ValueError: Disease_id not found from SymMap search keys=['急性视网膜坏死综合征', 'Acute Retinal Necrosis Syndrome', 'ARN']
2026-05-26T18:08:53.713967+00:00 [251/663] 急性间质性肾炎 | key=急性间质性肾炎 | ValueError: Disease_id not found from SymMap search keys=['急性间质性肾炎', 'Acute Interstitial Nephritis', 'AIN', '急性肾小管间质性肾炎']
2026-05-26T18:09:03.699657+00:00 [252/663] 急性骨髓炎 | key=急性骨髓炎 | ValueError: Disease_id not found from SymMap search keys=['急性骨髓炎', 'Acute Osteomyelitis']
2026-05-26T18:09:18.240477+00:00 [253/663] 急性鼻炎 | key=急性鼻炎 | ValueError: Disease_id not found from SymMap search keys=['急性鼻炎', 'acute rhinitis', '急性鼻卡他', '感冒鼻炎']
2026-05-26T18:09:46.091422+00:00 [255/663] 急进性肾小球肾炎 | key=急进性肾小球肾炎 | ValueError: Disease_id not found from SymMap search keys=['急进性肾小球肾炎', 'Rapidly Progressive Glomerulonephritis', '急进性肾炎', '新月体肾小球肾炎']
2026-05-26T18:09:52.018963+00:00 [256/663] 性早熟 | key=性早熟 | ValueError: Disease_id not found from SymMap search keys=['性早熟', '中枢性性早熟']
2026-05-26T18:10:00.601368+00:00 [257/663] 性欲亢进 | key=性欲亢进 | ValueError: Disease_id not found from SymMap search keys=['性欲亢进', 'Hypersexual Disorder']
2026-05-26T18:10:08.552431+00:00 [258/663] 性欲低下 | key=性欲低下 | ValueError: Disease_id not found from SymMap search keys=['性欲低下', 'Hypoactive Sexual Desire Disorder']
2026-05-26T18:10:13.700401+00:00 [259/663] 恶性淋巴瘤 | key=恶性淋巴瘤 | ValueError: Disease_id not found from SymMap search keys=['恶性淋巴瘤']
2026-05-26T18:10:22.616316+00:00 [260/663] 恶性黑素瘤 | key=恶性黑素瘤 | ValueError: Disease_id not found from SymMap search keys=['恶性黑素瘤', 'malignant melanoma', '脚疽']
2026-05-26T18:10:34.487268+00:00 [261/663] 感染性发热 | key=感染性发热 | ValueError: Disease_id not found from SymMap search keys=['感染性发热', '感染相关性发热']
2026-05-26T18:10:53.780454+00:00 [262/663] 感染性心内膜炎 | key=感染性心内膜炎 | ValueError: Disease_id not found from SymMap search keys=['感染性心内膜炎', 'Infective Endocarditis', 'IE', '急性感染性心内膜炎', '亚急性感染性心内膜炎', '链球菌性心内膜炎', '细菌性心内膜炎']
2026-05-26T18:11:13.747011+00:00 [263/663] 感染性聋 | key=感染性聋 | ValueError: Disease_id not found from SymMap search keys=['感染性聋', '耳聋']
2026-05-26T18:11:42.228196+00:00 [264/663] 感音神经性聋 | key=感音神经性聋 | ValueError: Disease_id not found from SymMap search keys=['感音神经性聋', 'sensorineural hearing loss', '传染病源性聋', '全身系统性疾病引起的耳聋', '耳毒性聋', '自身免疫性聋 主病名： 先天性聋']
2026-05-26T18:11:50.608944+00:00 [265/663] 慢性前列腺炎 | key=慢性前列腺炎 | ValueError: Disease_id not found from SymMap search keys=['慢性前列腺炎']
2026-05-26T18:11:59.751674+00:00 [266/663] 慢性化脓性中耳炎 | key=慢性化脓性中耳炎 | ValueError: Disease_id not found from SymMap search keys=['慢性化脓性中耳炎', 'chronic suppurative otitis media', '慢脓耳']
2026-05-26T18:12:07.515393+00:00 [267/663] 慢性单纯性苔藓 | key=慢性单纯性苔藓 | ValueError: Disease_id not found from SymMap search keys=['慢性单纯性苔藓', 'Lichen Simplex Chronicus', '神经性皮炎', '顽癣']
2026-05-26T18:12:14.935677+00:00 [268/663] 慢性咽炎 | key=慢性咽炎 | ValueError: Disease_id not found from SymMap search keys=['慢性咽炎', 'chronic pharyngitis', '慢喉痹', '慢性咽部炎']
2026-05-26T18:12:22.881150+00:00 [269/663] 慢性唇炎 | key=慢性唇炎 | ValueError: Disease_id not found from SymMap search keys=['慢性唇炎', '唇风', '剥脱性唇炎', '腺性唇炎']
2026-05-26T18:12:36.734454+00:00 [270/663] 慢性喉炎 | key=慢性喉炎 | ValueError: Disease_id not found from SymMap search keys=['慢性喉炎', 'chronic laryngitis', '慢喉喑', '久喑', '慢性喉咽炎']
2026-05-26T18:12:55.633331+00:00 [271/663] 慢性心力衰竭 | key=慢性心力衰竭 | ValueError: Disease_id not found from SymMap search keys=['慢性心力衰竭', 'Chronic Heart Failure', 'HF', '心衰', '充血性心力衰竭', '慢性心功能不全']
2026-05-26T18:13:05.621725+00:00 [272/663] 慢性扁桃体炎 | key=慢性扁桃体炎 | ValueError: Disease_id not found from SymMap search keys=['慢性扁桃体炎', 'chronic tonsillitis', '慢乳蛾', '虚火乳蛾']
2026-05-26T18:13:12.372673+00:00 [273/663] 慢性支气管炎 | key=慢性支气管炎 | ValueError: Disease_id not found from SymMap search keys=['慢性支气管炎', 'Chronic Bronchitis', '老慢支']
2026-05-26T18:13:18.953500+00:00 [274/663] 慢性泪囊炎 | key=慢性泪囊炎 | ValueError: Disease_id not found from SymMap search keys=['慢性泪囊炎', 'Chronic Dacryocystitis']
2026-05-26T18:13:34.956400+00:00 [275/663] 慢性淋巴细胞性甲状腺炎 | key=慢性淋巴细胞性甲状腺炎 | ValueError: Disease_id not found from SymMap search keys=['慢性淋巴细胞性甲状腺炎', 'Chronic Lymphocytic Thyroiditis', '自身免疫性甲状腺炎', '桥本甲状腺炎', '桥本病', '萎缩性甲状腺炎']
2026-05-26T18:14:06.350217+00:00 [278/663] 慢性疼痛 | key=慢性疼痛 | ValueError: Disease_id not found from SymMap search keys=['慢性疼痛']
2026-05-26T18:14:19.325411+00:00 [279/663] 慢性盆腔炎 | key=慢性盆腔炎 | ValueError: Disease_id not found from SymMap search keys=['慢性盆腔炎', '慢性女性盆腔炎', '女性慢性盆腔腹膜炎', '盆腔积液']
2026-05-26T18:14:22.628856+00:00 [280/663] 慢性粒细胞性白血病 | key=慢性粒细胞性白血病 | ValueError: Disease_id not found from SymMap search keys=['慢性粒细胞性白血病']
2026-05-26T18:14:32.406098+00:00 [281/663] 慢性结膜炎 | key=慢性结膜炎 | ValueError: Disease_id not found from SymMap search keys=['慢性结膜炎', 'Chronic Conjunctivitis']
2026-05-26T18:14:41.582243+00:00 [282/663] 慢性肺源性心脏病 | key=慢性肺源性心脏病 | ValueError: Disease_id not found from SymMap search keys=['慢性肺源性心脏病', 'chronic cor pulmonale', '肺心病']
2026-05-26T18:14:50.462683+00:00 [283/663] 慢性肾上腺皮质功能减退症 | key=慢性肾上腺皮质功能减退症 | ValueError: Disease_id not found from SymMap search keys=['慢性肾上腺皮质功能减退症', 'Chronic Adrenocortical Insufficiency', 'Addison病']
2026-05-26T18:15:05.803155+00:00 [284/663] 慢性肾小球肾炎 | key=慢性肾小球肾炎 | ValueError: Disease_id not found from SymMap search keys=['慢性肾小球肾炎', 'Chronic Glomerulonephritis', 'CGN', '慢性肾炎']
2026-05-26T18:15:14.557495+00:00 [285/663] 慢性肾衰竭 | key=慢性肾衰竭 | ValueError: Disease_id not found from SymMap search keys=['慢性肾衰竭', 'Chronic Kidney Failure', 'CRF', '慢性肾衰']
2026-05-26T18:15:38.452219+00:00 [286/663] 慢性胃炎 | key=慢性胃炎 | HTTPError: 502 Server Error: Bad Gateway for url: http://www.symmap.org/search/
2026-05-26T18:16:04.154192+00:00 [288/663] 慢性萎缩性胃炎 | key=慢性萎缩性胃炎 | ValueError: Disease_id not found from SymMap search keys=['慢性萎缩性胃炎', 'Chronic Atrophic Gastritis', '萎缩性胃炎']
2026-05-26T18:16:16.109612+00:00 [289/663] 慢性间质性肾炎 | key=慢性间质性肾炎 | ValueError: Disease_id not found from SymMap search keys=['慢性间质性肾炎', 'Chronic Interstitial Nephritis', 'CIN', '慢性肾小管-间质性肾病', 'CTIN']
2026-05-26T18:16:43.364099+00:00 [291/663] 慢性骨髓炎 | key=慢性骨髓炎 | ValueError: Disease_id not found from SymMap search keys=['慢性骨髓炎', 'Chronic Osteomyelitis']
2026-05-26T18:17:05.184637+00:00 [293/663] 慢性鼻咽炎 | key=慢性鼻咽炎 | HTTPError: 502 Server Error: Bad Gateway for url: http://www.symmap.org/search/
2026-05-26T18:17:34.920166+00:00 [294/663] 慢性鼻炎 | key=慢性鼻炎 | ValueError: Disease_id not found from SymMap search keys=['慢性鼻炎', 'chronic rhinitis', '慢性单纯性鼻炎', 'chronic simple rhinitis', '慢性肥厚性鼻炎', 'chronic hypertrophic rhinitis', '鼻窒']
2026-05-26T18:17:52.628936+00:00 [296/663] 成人斯蒂尔病 | key=成人斯蒂尔病 | ValueError: Disease_id not found from SymMap search keys=['成人斯蒂尔病', '成人型斯蒂尔病', '成人斯蒂尔综合征']
2026-05-26T18:17:57.309463+00:00 [297/663] 扁平疣 | key=扁平疣 | ValueError: Disease_id not found from SymMap search keys=['扁平疣', '扁瘊']
2026-05-26T18:18:11.146903+00:00 [298/663] 扁平苔藓 | key=扁平苔藓 | ValueError: Disease_id not found from SymMap search keys=['扁平苔藓', '扁平苔藓病', '皮肤扁平苔藓', '皮肤黏膜扁平苔藓', '口腔扁平苔藓', '紫癜风']
2026-05-26T18:18:47.159600+00:00 [299/663] 手癣 | key=手癣 | ValueError: Disease_id not found from SymMap search keys=['手癣', '手部皮癣', '手部浅部真菌病', '手部皮肤癣菌病', '手部皮肤真菌感染', '掌部真菌感染', '指(间)真菌感染', '掌指癣', '手部表皮癣菌病', '脚气', '足部皮癣', '足部浅部真菌病', '足部皮肤癣菌病', '足部皮肤真菌感染', '趾间真菌感染', '足跖癣', '水疱型足癣', '角化型足癣']
2026-05-26T18:18:53.962075+00:00 [300/663] 手背部蜂窝组织炎 | key=手背部蜂窝组织炎 | ValueError: Disease_id not found from SymMap search keys=['手背部蜂窝组织炎', '手发背']
2026-05-26T18:18:58.543560+00:00 [301/663] 手足口病 | key=手足口病 | ValueError: Disease_id not found from SymMap search keys=['手足口病']
2026-05-26T18:19:35.534410+00:00 [305/663] 排卵期出血 | key=排卵期出血 | ValueError: Disease_id not found from SymMap search keys=['排卵期出血', '经间期出血']
2026-05-26T18:19:45.550775+00:00 [306/663] 接触性皮炎 | key=接触性皮炎 | HTTPError: 502 Server Error: Bad Gateway for url: http://www.symmap.org/related_components/
2026-05-26T18:19:48.967507+00:00 [307/663] 支原体肺炎 | key=支原体肺炎 | ValueError: Disease_id not found from SymMap search keys=['支原体肺炎']
2026-05-26T18:20:01.563937+00:00 [309/663] 支气管肺炎 | key=支气管肺炎 | ValueError: Disease_id not found from SymMap search keys=['支气管肺炎', '大叶性肺炎']
2026-05-26T18:20:07.047758+00:00 [310/663] 斑秃 | key=斑秃 | HTTPError: 502 Server Error: Bad Gateway for url: http://www.symmap.org/search/
2026-05-26T18:20:20.818817+00:00 [312/663] 新型冠状病毒感染 | key=新型冠状病毒感染 | ValueError: Disease_id not found from SymMap search keys=['新型冠状病毒感染', 'COVID-19']
2026-05-26T18:20:24.791557+00:00 [313/663] 新生儿心力衰竭 | key=新生儿心力衰竭 | ValueError: Disease_id not found from SymMap search keys=['新生儿心力衰竭']
2026-05-26T18:20:31.527700+00:00 [314/663] 新生儿感染性黄疸 | key=新生儿感染性黄疸 | ValueError: Disease_id not found from SymMap search keys=['新生儿感染性黄疸', '胎黄']
2026-05-26T18:20:36.971087+00:00 [315/663] 新生儿母乳性黄疸 | key=新生儿母乳性黄疸 | ValueError: Disease_id not found from SymMap search keys=['新生儿母乳性黄疸', '胎黄']
2026-05-26T18:20:41.566046+00:00 [316/663] 新生儿溶血性黄疸 | key=新生儿溶血性黄疸 | ValueError: Disease_id not found from SymMap search keys=['新生儿溶血性黄疸', '胎黄']
2026-05-26T18:20:46.359019+00:00 [317/663] 新生儿缺氧缺血性脑病 | key=新生儿缺氧缺血性脑病 | ValueError: Disease_id not found from SymMap search keys=['新生儿缺氧缺血性脑病', '新生儿缺血性脑病']
2026-05-26T18:20:53.453412+00:00 [318/663] 新生儿黄疸 | key=新生儿黄疸 | ValueError: Disease_id not found from SymMap search keys=['新生儿黄疸', '胎黄']
2026-05-26T18:20:58.319985+00:00 [319/663] 新生血管性青光眼 | key=新生血管性青光眼 | ValueError: Disease_id not found from SymMap search keys=['新生血管性青光眼', 'Neovascular Glaucoma']
2026-05-26T18:21:05.434610+00:00 [320/663] 无症状性血尿或蛋白尿 | key=无症状性血尿或蛋白尿 | ValueError: Disease_id not found from SymMap search keys=['无症状性血尿或蛋白尿', 'Asymptomatic Hematuria or Proteinuria', '隐匿性肾小球肾炎']
2026-05-26T18:21:40.047137+00:00 [322/663] 日光性皮炎 | key=日光性皮炎 | ValueError: Disease_id not found from SymMap search keys=['日光性皮炎', '光敏性皮炎', '日晒疹', '阳光性皮炎', '紫外线皮炎', '急性光毒性皮炎', '日光过敏性皮炎', '外源性光敏性皮炎', '急性光接触性皮炎', '日晒疮']
2026-05-26T18:21:44.740988+00:00 [323/663] 早泄 | key=早泄 | ValueError: Disease_id not found from SymMap search keys=['早泄', 'Premature Ejaculation']
2026-05-26T18:21:50.900091+00:00 [324/663] 春季结膜炎 | key=春季结膜炎 | ValueError: Disease_id not found from SymMap search keys=['春季结膜炎', 'Vernal Keratoconjunctivitis']
2026-05-26T18:21:59.804618+00:00 [325/663] 晕厥 | key=晕厥 | ValueError: Disease_id not found from SymMap search keys=['晕厥', 'Syncope', '厥证']
2026-05-26T18:22:16.176583+00:00 [326/663] 晚期产后出血 | key=晚期产后出血 | ValueError: Disease_id not found from SymMap search keys=['晚期产后出血', 'late puerperal hemorrhage', '产后恶露不绝', '产后血']
2026-05-26T18:22:35.199065+00:00 [327/663] 更年期综合征 | key=更年期综合征 | ValueError: Disease_id not found from SymMap search keys=['更年期综合征', '绝经综合征', 'menopausal syndrome', 'MPS', '经断前后诸证', '围绝经期综合征', '人工绝经后综合征']
2026-05-26T18:22:41.678190+00:00 [328/663] 月经先期 | key=月经先期 | ValueError: Disease_id not found from SymMap search keys=['月经先期', '月经频发']
2026-05-26T18:22:45.693886+00:00 [329/663] 月经后期 | key=月经后期 | ValueError: Disease_id not found from SymMap search keys=['月经后期']
2026-05-26T18:22:59.493006+00:00 [330/663] 月经稀少 | key=月经稀少 | ValueError: Disease_id not found from SymMap search keys=['月经稀少', '月经过少', '子宫发育不良', '卵巢储备功能低下']
2026-05-26T18:23:05.193209+00:00 [331/663] 月经过多 | key=月经过多 | ValueError: Disease_id not found from SymMap search keys=['月经过多', '排卵障碍性异常子宫出血']
2026-05-26T18:23:13.138284+00:00 [332/663] 梅尼埃病 | key=梅尼埃病 | ValueError: Disease_id not found from SymMap search keys=['梅尼埃病', '美尼尔氏综合征', '美尼尔氏病 主病名： 前庭神经炎']
2026-05-26T18:23:28.899446+00:00 [334/663] 梨状肌综合征 | key=梨状肌综合征 | ValueError: Disease_id not found from SymMap search keys=['梨状肌综合征', 'Piriformis Syndrome']
2026-05-26T18:23:39.445673+00:00 [335/663] 死精子症 | key=死精子症 | ValueError: Disease_id not found from SymMap search keys=['死精子症', 'Necrozoospermia']
2026-05-26T18:23:47.313861+00:00 [336/663] 母胎血型不合 | key=母胎血型不合 | ValueError: Disease_id not found from SymMap search keys=['母胎血型不合', '母儿血型不合', '母婴血型不合']
2026-05-26T18:23:52.624359+00:00 [337/663] 毒蛇咬伤 | key=毒蛇咬伤 | ValueError: Disease_id not found from SymMap search keys=['毒蛇咬伤', 'Venomous Snake Bite']
2026-05-26T18:24:05.302823+00:00 [338/663] 毛发红糠疹 | key=毛发红糠疹 | ValueError: Disease_id not found from SymMap search keys=['毛发红糠疹', '毛囊红糠疹', '糠疹性毛囊炎', '糠秕孢子菌性毛囊炎', '狐尿刺']
2026-05-26T18:24:15.988533+00:00 [339/663] 毛周角化症 | key=毛周角化症 | ValueError: Disease_id not found from SymMap search keys=['毛周角化症', '毛囊周围角化病', 'Kyrle病', '穿通性毛周角化症']
2026-05-26T18:24:19.588837+00:00 [340/663] 毛囊炎 | key=毛囊炎 | ValueError: Disease_id not found from SymMap search keys=['毛囊炎']
2026-05-26T18:24:24.514955+00:00 [341/663] 毛囊角化病 | key=毛囊角化病 | HTTPError: 502 Server Error: Bad Gateway for url: http://www.symmap.org/search/
2026-05-26T18:24:27.708950+00:00 [342/663] 毛细血管瘤 | key=毛细血管瘤 | ValueError: Disease_id not found from SymMap search keys=['毛细血管瘤']
2026-05-26T18:24:33.292075+00:00 [343/663] 气压损伤性中耳炎 | key=气压损伤性中耳炎 | ValueError: Disease_id not found from SymMap search keys=['气压损伤性中耳炎', '耳胀']
2026-05-26T18:24:38.309175+00:00 [344/663] 气性坏疽 | key=气性坏疽 | ValueError: Disease_id not found from SymMap search keys=['气性坏疽', '烂疖']
2026-05-26T18:24:45.991145+00:00 [345/663] 水痘 | key=水痘 | ValueError: Disease_id not found from SymMap search keys=['水痘', 'varicella', '成人水痘']
2026-05-26T18:24:52.136510+00:00 [346/663] 水肿 | key=水肿 | ValueError: Disease_id not found from SymMap search keys=['水肿', 'Edema']
2026-05-26T18:25:03.095024+00:00 [347/663] 汗孔角化症 | key=汗孔角化症 | ValueError: Disease_id not found from SymMap search keys=['汗孔角化症', '汗孔角化病', '角化性汗孔病', '角化性汗孔症', '汗孔角化性病']
2026-05-26T18:25:14.159371+00:00 [348/663] 泌乳过少 | key=泌乳过少 | ValueError: Disease_id not found from SymMap search keys=['泌乳过少', '产后缺乳', '产后乳少', '缺乳']
2026-05-26T18:25:19.567704+00:00 [349/663] 泡性角结膜炎 | key=泡性角结膜炎 | ValueError: Disease_id not found from SymMap search keys=['泡性角结膜炎', 'Phlyctenular Keratoconjunctivitis']
2026-05-26T18:25:30.162692+00:00 [350/663] 注意缺陷多动障碍 | key=注意缺陷多动障碍 | ValueError: Disease_id not found from SymMap search keys=['注意缺陷多动障碍', 'ADHD', '多动症', '注意力缺陷多动障碍', '儿童多动症']
2026-05-26T18:25:35.998075+00:00 [351/663] 泪溢 | key=泪溢 | ValueError: Disease_id not found from SymMap search keys=['泪溢', 'Epiphora']
2026-05-26T18:25:42.450215+00:00 [352/663] 泪腺炎 | key=泪腺炎 | ValueError: Disease_id not found from SymMap search keys=['泪腺炎', 'Dacryoadenitis']
2026-05-26T18:25:50.246659+00:00 [353/663] 流行性出血性结膜炎 | key=流行性出血性结膜炎 | ValueError: Disease_id not found from SymMap search keys=['流行性出血性结膜炎', 'Epidemic Hemorrhagic Conjunctivitis']
2026-05-26T18:26:02.352090+00:00 [355/663] 流行性角结膜炎 | key=流行性角结膜炎 | ValueError: Disease_id not found from SymMap search keys=['流行性角结膜炎', 'Epidemic Keratoconjunctivitis']
2026-05-26T18:26:07.396136+00:00 [356/663] 浆细胞性乳腺炎 | key=浆细胞性乳腺炎 | ValueError: Disease_id not found from SymMap search keys=['浆细胞性乳腺炎', '粉刺型乳痈']
2026-05-26T18:26:11.037550+00:00 [357/663] 海绵状血管瘤 | key=海绵状血管瘤 | ValueError: Disease_id not found from SymMap search keys=['海绵状血管瘤']
2026-05-26T18:26:28.936299+00:00 [359/663] 淋巴水肿 | key=淋巴水肿 | ValueError: Disease_id not found from SymMap search keys=['淋巴水肿', '大脚风', '象皮腿']
2026-05-26T18:26:48.907947+00:00 [361/663] 淋巴结结核 | key=淋巴结结核 | ValueError: Disease_id not found from SymMap search keys=['淋巴结结核', '瘰疬', '颌下淋巴结结核', '颏下淋巴结结核', '周围淋巴结结核']
2026-05-26T18:26:52.815613+00:00 [362/663] 淋病 | key=淋病 | ValueError: Disease_id not found from SymMap search keys=['淋病']
2026-05-26T18:27:19.250242+00:00 [365/663] 溢乳 | key=溢乳 | ValueError: Disease_id not found from SymMap search keys=['溢乳', '产后乳汁自出', '泌乳过多']
2026-05-26T18:27:28.373756+00:00 [366/663] 溶血性贫血 | key=溶血性贫血 | ValueError: Disease_id not found from SymMap search keys=['溶血性贫血', 'Hemolytic Anemia', 'HA']
2026-05-26T18:27:31.831698+00:00 [367/663] 滴虫阴道炎 | key=滴虫阴道炎 | ValueError: Disease_id not found from SymMap search keys=['滴虫阴道炎']
2026-05-26T18:27:57.235980+00:00 [370/663] 爆震性聋 | key=爆震性聋 | ValueError: Disease_id not found from SymMap search keys=['爆震性聋', '耳聋']
2026-05-26T18:28:08.909808+00:00 [371/663] 牙周病 | key=牙周病 | ValueError: Disease_id not found from SymMap search keys=['牙周病', '牙周炎', '牙周组织病', '牙宣 主病名：牙龈萎缩']
2026-05-26T18:28:19.340055+00:00 [372/663] 牙龈萎缩 | key=牙龈萎缩 | ValueError: Disease_id not found from SymMap search keys=['牙龈萎缩', '牙周炎', '牙周组织病', '牙宣 主病名：牙龈萎缩']
2026-05-26T18:28:33.411328+00:00 [373/663] 特发性突聋 | key=特发性突聋 | ValueError: Disease_id not found from SymMap search keys=['特发性突聋', 'idiopathic sudden deafness', 'ISD', '暴聋', '突发性聋', '突发性听力下降']
2026-05-26T18:28:44.723693+00:00 [374/663] 特发性面神经麻痹 | key=特发性面神经麻痹 | ValueError: Disease_id not found from SymMap search keys=['特发性面神经麻痹', 'Idiopathic Facial Paralysis', '面神经炎', '贝尔面瘫', '面瘫']
2026-05-26T18:28:48.447661+00:00 [375/663] 特应性皮炎 | key=特应性皮炎 | ValueError: Disease_id not found from SymMap search keys=['特应性皮炎']
2026-05-26T18:28:53.934437+00:00 [376/663] 猩红热 | key=猩红热 | ValueError: Disease_id not found from SymMap search keys=['猩红热', '猩红疹']
2026-05-26T18:29:01.286919+00:00 [377/663] 玫瑰糠疹 | key=玫瑰糠疹 | ValueError: Disease_id not found from SymMap search keys=['玫瑰糠疹', '玫瑰糠屑疹', '玫瑰糠屑病', '吉伯特氏玫瑰糠疹']
2026-05-26T18:29:06.203369+00:00 [378/663] 玻璃体积血 | key=玻璃体积血 | ValueError: Disease_id not found from SymMap search keys=['玻璃体积血', 'Vitreous Hemorrhage']
2026-05-26T18:29:11.134097+00:00 [379/663] 球后视神经炎 | key=球后视神经炎 | ValueError: Disease_id not found from SymMap search keys=['球后视神经炎', 'Retrobulbar Neuritis']
2026-05-26T18:29:34.102270+00:00 [383/663] 甲状腺囊肿 | key=甲状腺囊肿 | ValueError: Disease_id not found from SymMap search keys=['甲状腺囊肿']
2026-05-26T18:29:42.667748+00:00 [384/663] 甲状腺癌 | key=甲状腺癌 | ValueError: Disease_id not found from SymMap search keys=['甲状腺癌', '石瘿', '甲状腺恶性肿瘤', '甲状腺恶性病变', '甲状腺腺癌']
2026-05-26T18:29:48.105947+00:00 [385/663] 甲状腺相关性眼病 | key=甲状腺相关性眼病 | ValueError: Disease_id not found from SymMap search keys=['甲状腺相关性眼病', 'Thyroid Eye Disease']
2026-05-26T18:29:57.254044+00:00 [387/663] 甲状腺肿块 | key=甲状腺肿块 | ValueError: Disease_id not found from SymMap search keys=['甲状腺肿块']
2026-05-26T18:30:01.213199+00:00 [388/663] 甲状腺肿物 | key=甲状腺肿物 | ValueError: Disease_id not found from SymMap search keys=['甲状腺肿物']
2026-05-26T18:30:04.984086+00:00 [389/663] 甲状腺肿瘤 | key=甲状腺肿瘤 | ValueError: Disease_id not found from SymMap search keys=['甲状腺肿瘤']
2026-05-26T18:30:12.067005+00:00 [390/663] 男性迟发性性腺功能减退症 | key=男性迟发性性腺功能减退症 | ValueError: Disease_id not found from SymMap search keys=['男性迟发性性腺功能减退症', 'Late-Onset Hypogonadism', '男性更年期综合征']
2026-05-26T18:30:16.441561+00:00 [391/663] 畸形精子症 | key=畸形精子症 | ValueError: Disease_id not found from SymMap search keys=['畸形精子症', 'Teratozoospermia']
2026-05-26T18:30:22.085509+00:00 [392/663] 疖 | key=疖 | ValueError: Disease_id not found from SymMap search keys=['疖', '疖病', '毛囊深部化脓性炎症']
2026-05-26T18:30:37.139713+00:00 [393/663] 疥疮 | key=疥疮 | ValueError: Disease_id not found from SymMap search keys=['疥疮', '疥病', '疥螨病', '疥螨感染', '疥虫病', '人疥', '人疥螨感染', '瘙痒性皮肤寄生虫病', '传染性疥疮']
2026-05-26T18:30:42.684086+00:00 [394/663] 疱疹性口炎 | key=疱疹性口炎 | ValueError: Disease_id not found from SymMap search keys=['疱疹性口炎', '疱疹性龈口炎']
2026-05-26T18:30:48.642959+00:00 [395/663] 病毒性心肌炎 | key=病毒性心肌炎 | ValueError: Disease_id not found from SymMap search keys=['病毒性心肌炎', 'Viral Myocarditis', 'VMC']
2026-05-26T18:30:53.755333+00:00 [396/663] 病毒性睑皮炎 | key=病毒性睑皮炎 | ValueError: Disease_id not found from SymMap search keys=['病毒性睑皮炎', 'Viral Blepharitis']
2026-05-26T18:30:59.271807+00:00 [397/663] 病毒性睾丸炎 | key=病毒性睾丸炎 | ValueError: Disease_id not found from SymMap search keys=['病毒性睾丸炎', 'Viral Orchitis']
2026-05-26T18:31:04.197016+00:00 [398/663] 痈 | key=痈 | ValueError: Disease_id not found from SymMap search keys=['痈', '有头疽']
2026-05-26T18:31:15.862473+00:00 [399/663] 痒疹 | key=痒疹 | ValueError: Disease_id not found from SymMap search keys=['痒疹', '粟疮', '结节性痒疹', '结节性瘙痒症', '结节性慢性痒疹', '瘙痒性结节病', '结节状瘙痒症']
2026-05-26T18:31:40.954740+00:00 [403/663] 痴呆综合征 | key=痴呆综合征 | ValueError: Disease_id not found from SymMap search keys=['痴呆综合征']
2026-05-26T18:31:44.741871+00:00 [404/663] 痹证 | key=痹证 | ValueError: Disease_id not found from SymMap search keys=['痹证']
2026-05-26T18:31:49.560511+00:00 [405/663] 瘘管 | key=瘘管 | ValueError: Disease_id not found from SymMap search keys=['瘘管', '窦道']
2026-05-26T18:31:56.381087+00:00 [406/663] 癌 | key=癌 | ValueError: Disease_id not found from SymMap search keys=['癌', 'Cancer', '癌病']
2026-05-26T18:31:59.609940+00:00 [407/663] 癌性疼痛 | key=癌性疼痛 | ValueError: Disease_id not found from SymMap search keys=['癌性疼痛']
2026-05-26T18:32:09.017758+00:00 [408/663] 癔症性失声 | key=癔症性失声 | ValueError: Disease_id not found from SymMap search keys=['癔症性失声', '功能性失声', 'hysterical aphonia', '精神性失声', '暴喑']
2026-05-26T18:32:12.352665+00:00 [409/663] 癥瘕（生殖器官良性肿瘤 | key=癥瘕（生殖器官良性肿瘤 | ValueError: Disease_id not found from SymMap search keys=['癥瘕（生殖器官良性肿瘤']
2026-05-26T18:32:15.587125+00:00 [410/663] 癫狂 | key=癫狂 | ValueError: Disease_id not found from SymMap search keys=['癫狂']
2026-05-26T18:32:31.386314+00:00 [412/663] 白喉 | key=白喉 | ValueError: Disease_id not found from SymMap search keys=['白喉', '咽白喉', '扁桃体白喉', '白喉性膜性喉炎', '白喉性悬雍垂麻痹', '鼻咽白喉', '喉白喉']
2026-05-26T18:32:39.622812+00:00 [413/663] 白塞病 | key=白塞病 | ValueError: Disease_id not found from SymMap search keys=['白塞病', '白塞氏病', '贝赫切特病', '狐惑病']
2026-05-26T18:32:49.324810+00:00 [414/663] 白癜风 | key=白癜风 | ValueError: Disease_id not found from SymMap search keys=['白癜风', '寻常型白癜风', '节段型白癜风', '泛发性白癜风', '白斑病']
2026-05-26T18:33:11.982363+00:00 [417/663] 皮肌炎 | key=皮肌炎 | ValueError: Disease_id not found from SymMap search keys=['皮肌炎', '皮肌病', '皮肌综合征', '肌痹']
2026-05-26T18:33:18.104445+00:00 [418/663] 皮肤浅表脓肿 | key=皮肤浅表脓肿 | ValueError: Disease_id not found from SymMap search keys=['皮肤浅表脓肿', 'Superficial Skin Abscess', '急性淋巴结炎 (Acute Lymphadenitis)']
2026-05-26T18:33:22.536714+00:00 [419/663] 皮肤淀粉样变性 | key=皮肤淀粉样变性 | ValueError: Disease_id not found from SymMap search keys=['皮肤淀粉样变性', 'cutaneous amyloidosis']
2026-05-26T18:33:26.980575+00:00 [420/663] 皮肤炭疽 | key=皮肤炭疽 | ValueError: Disease_id not found from SymMap search keys=['皮肤炭疽', '疫疔']
2026-05-26T18:33:36.640918+00:00 [421/663] 皮肤瘙痒症 | key=皮肤瘙痒症 | ValueError: Disease_id not found from SymMap search keys=['皮肤瘙痒症', '瘙痒症', '原发性皮肤瘙痒症', '特发性皮肤瘙痒症', '慢性原发性皮肤瘙痒症', '风瘙痒']
2026-05-26T18:33:40.141692+00:00 [422/663] 皮肤癌 | key=皮肤癌 | ValueError: Disease_id not found from SymMap search keys=['皮肤癌']
2026-05-26T18:33:44.565273+00:00 [423/663] 皮肤黏膜淋巴结综合征 | key=皮肤黏膜淋巴结综合征 | ValueError: Disease_id not found from SymMap search keys=['皮肤黏膜淋巴结综合征', '川崎病']
2026-05-26T18:33:50.709357+00:00 [424/663] 皮脂腺囊肿 | key=皮脂腺囊肿 | ValueError: Disease_id not found from SymMap search keys=['皮脂腺囊肿', '脂瘤']
2026-05-26T18:34:05.513326+00:00 [426/663] 直肠脱垂 | key=直肠脱垂 | ValueError: Disease_id not found from SymMap search keys=['直肠脱垂', '脱肛']
2026-05-26T18:34:13.735527+00:00 [427/663] 真菌性角膜炎 | key=真菌性角膜炎 | ValueError: Disease_id not found from SymMap search keys=['真菌性角膜炎', 'Fungal Keratitis', '角膜真菌病']
2026-05-26T18:34:22.383260+00:00 [428/663] 眩晕 | key=眩晕 | ValueError: Disease_id not found from SymMap search keys=['眩晕', 'Vertigo', '良性阵发性位置性眩晕', '耳石症']
2026-05-26T18:34:28.886888+00:00 [429/663] 眶蜂窝织炎 | key=眶蜂窝织炎 | ValueError: Disease_id not found from SymMap search keys=['眶蜂窝织炎', 'Orbital Cellulitis']
2026-05-26T18:34:34.358899+00:00 [430/663] 眼化学伤 | key=眼化学伤 | ValueError: Disease_id not found from SymMap search keys=['眼化学伤', 'Ocular Chemical Injury']
2026-05-26T18:34:39.739239+00:00 [431/663] 眼异物 | key=眼异物 | ValueError: Disease_id not found from SymMap search keys=['眼异物', 'Foreign Body of Eye']
2026-05-26T18:34:45.284741+00:00 [432/663] 眼球穿通伤 | key=眼球穿通伤 | ValueError: Disease_id not found from SymMap search keys=['眼球穿通伤', 'Penetrating Eye Injury']
2026-05-26T18:34:50.032213+00:00 [433/663] 眼部钝挫伤 | key=眼部钝挫伤 | ValueError: Disease_id not found from SymMap search keys=['眼部钝挫伤', 'Blunt Trauma']
2026-05-26T18:35:16.298470+00:00 [436/663] 睑腺炎 | key=睑腺炎 | ValueError: Disease_id not found from SymMap search keys=['睑腺炎', 'Hordeolum', '麦粒肿', '针眼']
2026-05-26T18:35:21.698412+00:00 [437/663] 睡眠节律障碍 | key=睡眠节律障碍 | ValueError: Disease_id not found from SymMap search keys=['睡眠节律障碍', '不寐']
2026-05-26T18:35:30.119495+00:00 [438/663] 睫状环阻滞性青光眼 | key=睫状环阻滞性青光眼 | ValueError: Disease_id not found from SymMap search keys=['睫状环阻滞性青光眼', 'Aqueous Misdirection Glaucoma', '恶性青光眼']
2026-05-26T18:35:36.557822+00:00 [439/663] 睾丸扭转 | key=睾丸扭转 | ValueError: Disease_id not found from SymMap search keys=['睾丸扭转', 'Testicular Torsion']
2026-05-26T18:35:42.284062+00:00 [440/663] 睾丸肿瘤 | key=睾丸肿瘤 | ValueError: Disease_id not found from SymMap search keys=['睾丸肿瘤', 'Testicular Neoplasm']
2026-05-26T18:35:48.039394+00:00 [441/663] 睾丸鞘膜积液 | key=睾丸鞘膜积液 | ValueError: Disease_id not found from SymMap search keys=['睾丸鞘膜积液', 'Hydrocele of Testis']
2026-05-26T18:36:09.648508+00:00 [444/663] 突发性聋 | key=突发性聋 | ValueError: Disease_id not found from SymMap search keys=['突发性聋', '耳聋']
2026-05-26T18:36:16.549183+00:00 [445/663] 第三腰椎横突综合征 | key=第三腰椎横突综合征 | ValueError: Disease_id not found from SymMap search keys=['第三腰椎横突综合征', 'Third Lumbar Transverse Process Syndrome']
2026-05-26T18:36:19.930085+00:00 [446/663] 类天疱疮 | key=类天疱疮 | ValueError: Disease_id not found from SymMap search keys=['类天疱疮']
2026-05-26T18:36:45.450412+00:00 [448/663] 粉刺 | key=粉刺 | ValueError: Disease_id not found from SymMap search keys=['粉刺', '痤疮', '寻常痤疮', '结节性痤疮', '囊肿型痤疮', '脓疱性痤疮', '硬结性痤疮', '痤疮合并马拉色菌毛囊炎', '马拉色菌毛囊炎']
2026-05-26T18:36:51.766227+00:00 [449/663] 精囊炎 | key=精囊炎 | ValueError: Disease_id not found from SymMap search keys=['精囊炎', '血精', 'Seminal Vesiculitis']
2026-05-26T18:36:56.648135+00:00 [450/663] 精囊结核 | key=精囊结核 | ValueError: Disease_id not found from SymMap search keys=['精囊结核', 'Tuberculosis of Seminal Vesicle']
2026-05-26T18:37:03.657212+00:00 [451/663] 精子活力不足 | key=精子活力不足 | ValueError: Disease_id not found from SymMap search keys=['精子活力不足', 'Asthenozoospermia', '弱精子症']
2026-05-26T18:37:11.258017+00:00 [452/663] 精液不液化 | key=精液不液化 | ValueError: Disease_id not found from SymMap search keys=['精液不液化', 'Semen Liquefaction Failure', '精液液化异常']
2026-05-26T18:37:19.177731+00:00 [453/663] 精液量过少 | key=精液量过少 | ValueError: Disease_id not found from SymMap search keys=['精液量过少', 'Hypovolemia of Semen', '少精液症']
2026-05-26T18:37:38.684871+00:00 [455/663] 精神性聋 | key=精神性聋 | ValueError: Disease_id not found from SymMap search keys=['精神性聋', '功能性耳聋', 'functional hearing loss', '癔症性聋']
2026-05-26T18:37:52.864984+00:00 [457/663] 精索鞘膜积液 | key=精索鞘膜积液 | ValueError: Disease_id not found from SymMap search keys=['精索鞘膜积液', '水疝']
2026-05-26T18:38:26.453684+00:00 [461/663] 糖尿病足 | key=糖尿病足 | ValueError: Disease_id not found from SymMap search keys=['糖尿病足']
2026-05-26T18:38:41.493555+00:00 [462/663] 系统性硬化症 | key=系统性硬化症 | ValueError: Disease_id not found from SymMap search keys=['系统性硬化症', '系统性硬皮病', '局限性硬皮病', '限局性硬化症', '带状硬皮病', '斑状硬皮病', '泛发性硬皮病']
2026-05-26T18:38:48.325482+00:00 [463/663] 系统性红斑狼疮 | key=系统性红斑狼疮 | ValueError: Disease_id not found from SymMap search keys=['系统性红斑狼疮', 'Systemic Lupus Erythematosus', 'SLE']
2026-05-26T18:54:18.381567+00:00 [464/663] 细菌性睾丸炎 | key=细菌性睾丸炎 | HTTPError: 502 Server Error: Bad Gateway for url: http://www.symmap.org/search/
2026-05-26T18:54:24.428719+00:00 [465/663] 细菌性角膜炎 | key=细菌性角膜炎 | ValueError: Disease_id not found from SymMap search keys=['细菌性角膜炎', 'Bacterial Keratitis']
2026-05-26T18:54:32.252176+00:00 [466/663] 经前期乳房胀痛 | key=经前期乳房胀痛 | ValueError: Disease_id not found from SymMap search keys=['经前期乳房胀痛', '经行乳房胀痛', '经期乳房胀痛']
2026-05-26T18:54:38.791823+00:00 [467/663] 经前期头痛 | key=经前期头痛 | ValueError: Disease_id not found from SymMap search keys=['经前期头痛', '经行头痛', '经前期综合征头痛']
2026-05-26T18:54:42.976263+00:00 [468/663] 经前期泄泻 | key=经前期泄泻 | ValueError: Disease_id not found from SymMap search keys=['经前期泄泻']
2026-05-26T18:54:50.103142+00:00 [469/663] 经前期眩晕 | key=经前期眩晕 | ValueError: Disease_id not found from SymMap search keys=['经前期眩晕', '经行眩晕', '经前期综合征眩晕']
2026-05-26T18:54:55.435041+00:00 [470/663] 经期口腔溃疡 ( | key=经期口腔溃疡 ( | ValueError: Disease_id not found from SymMap search keys=['经期口腔溃疡 (', '经行口糜)']
2026-05-26T18:54:59.038551+00:00 [471/663] 经期延长 | key=经期延长 | ValueError: Disease_id not found from SymMap search keys=['经期延长']
2026-05-26T18:55:03.855944+00:00 [472/663] 经期感冒 | key=经期感冒 | ValueError: Disease_id not found from SymMap search keys=['经期感冒', '经行感冒']
2026-05-26T18:55:07.234514+00:00 [473/663] 经期荨麻疹 | key=经期荨麻疹 | ValueError: Disease_id not found from SymMap search keys=['经期荨麻疹']
2026-05-26T18:55:10.611950+00:00 [474/663] 经行发热 | key=经行发热 | ValueError: Disease_id not found from SymMap search keys=['经行发热']
2026-05-26T18:55:14.471211+00:00 [475/663] 经行情志异常 | key=经行情志异常 | ValueError: Disease_id not found from SymMap search keys=['经行情志异常']
2026-05-26T18:55:18.981277+00:00 [476/663] 经行浮肿 | key=经行浮肿 | ValueError: Disease_id not found from SymMap search keys=['经行浮肿']
2026-05-26T18:55:23.191124+00:00 [477/663] 经行身痛 | key=经行身痛 | ValueError: Disease_id not found from SymMap search keys=['经行身痛']
2026-05-26T18:55:28.426533+00:00 [478/663] 结直肠息肉 | key=结直肠息肉 | ValueError: Disease_id not found from SymMap search keys=['结直肠息肉', '息肉痔']
2026-05-26T18:55:36.489384+00:00 [479/663] 结膜下出血 | key=结膜下出血 | ValueError: Disease_id not found from SymMap search keys=['结膜下出血', 'Subconjunctival Hemorrhage']
2026-05-26T18:55:41.362761+00:00 [480/663] 结膜结石 | key=结膜结石 | ValueError: Disease_id not found from SymMap search keys=['结膜结石', 'Conjunctival Concretion']
2026-05-26T18:55:51.914362+00:00 [481/663] 结节性红斑 | key=结节性红斑 | ValueError: Disease_id not found from SymMap search keys=['结节性红斑', '结节性红斑病', '皮下脂膜炎', '结节性皮下脂膜炎']
2026-05-26T18:55:58.430033+00:00 [482/663] 绝经后出血 | key=绝经后出血 | ValueError: Disease_id not found from SymMap search keys=['绝经后出血', '经断复来']
2026-05-26T18:56:04.290981+00:00 [483/663] 继发性视网膜脱离 | key=继发性视网膜脱离 | ValueError: Disease_id not found from SymMap search keys=['继发性视网膜脱离', 'Secondary Retinal Detachment']
2026-05-26T18:56:10.233823+00:00 [484/663] 维生素D缺乏性佝偻病 | key=维生素D缺乏性佝偻病 | ValueError: Disease_id not found from SymMap search keys=['维生素D缺乏性佝偻病', '佝偻病']
2026-05-26T18:56:19.364499+00:00 [485/663] 缓慢性心律失常 | key=缓慢性心律失常 | ValueError: Disease_id not found from SymMap search keys=['缓慢性心律失常', 'Bradyarrhythmia', '慢速型心律失常', '心动过缓']
2026-05-26T18:56:25.393787+00:00 [486/663] 缩窄性心包炎 | key=缩窄性心包炎 | ValueError: Disease_id not found from SymMap search keys=['缩窄性心包炎', 'Constrictive Pericarditis', '心包缩窄 (Pericardial Constriction)']
2026-05-26T18:56:30.586344+00:00 [487/663] 缺血性视神经病变 | key=缺血性视神经病变 | ValueError: Disease_id not found from SymMap search keys=['缺血性视神经病变', 'Ischemic Optic Neuropathy']
2026-05-26T18:56:41.562651+00:00 [489/663] 羊水过多 | key=羊水过多 | ValueError: Disease_id not found from SymMap search keys=['羊水过多', '妊娠合并羊水过多']
2026-05-26T18:56:46.512225+00:00 [490/663] 羊水过少 | key=羊水过少 | ValueError: Disease_id not found from SymMap search keys=['羊水过少', '妊娠合并羊水过少']
2026-05-26T18:56:52.141975+00:00 [491/663] 翼状胬肉 | key=翼状胬肉 | HTTPError: 502 Server Error: Bad Gateway for url: http://www.symmap.org/related_components/
2026-05-26T18:56:58.624580+00:00 [492/663] 老年性皮肤瘙痒症 | key=老年性皮肤瘙痒症 | ValueError: Disease_id not found from SymMap search keys=['老年性皮肤瘙痒症', 'Senile Pruritus', '老年瘙痒症']
2026-05-26T18:57:04.675889+00:00 [493/663] 老年性耳聋 | key=老年性耳聋 | ValueError: Disease_id not found from SymMap search keys=['老年性耳聋', 'Presbycusis', '老年性听力下降']
2026-05-26T18:57:16.519086+00:00 [494/663] 老年性聋 | key=老年性聋 | ValueError: Disease_id not found from SymMap search keys=['老年性聋', 'sensorineural hearing loss', '传染病源性聋', '全身系统性疾病引起的耳聋', '耳毒性聋', '自身免疫性聋 主病名： 先天性聋']
2026-05-26T18:57:25.484791+00:00 [495/663] 老年性营养不良 | key=老年性营养不良 | ValueError: Disease_id not found from SymMap search keys=['老年性营养不良', 'PEM', '低蛋白性营养不良']
2026-05-26T18:57:28.745448+00:00 [496/663] 老年性衰弱 | key=老年性衰弱 | ValueError: Disease_id not found from SymMap search keys=['老年性衰弱']
2026-05-26T18:57:39.370223+00:00 [498/663] 耳创伤 | key=耳创伤 | ValueError: Disease_id not found from SymMap search keys=['耳创伤']
2026-05-26T18:57:43.649175+00:00 [499/663] 耳后骨膜下脓肿 | key=耳后骨膜下脓肿 | ValueError: Disease_id not found from SymMap search keys=['耳后骨膜下脓肿']
2026-05-26T18:57:48.409759+00:00 [500/663] 耳廓化脓性软骨膜炎 | key=耳廓化脓性软骨膜炎 | ValueError: Disease_id not found from SymMap search keys=['耳廓化脓性软骨膜炎', '断耳疮']
2026-05-26T18:57:54.073978+00:00 [501/663] 耳源性脑脓肿 | key=耳源性脑脓肿 | ValueError: Disease_id not found from SymMap search keys=['耳源性脑脓肿', 'otogenic brain abscess']
2026-05-26T18:57:59.625518+00:00 [502/663] 耳源性脑膜炎 | key=耳源性脑膜炎 | ValueError: Disease_id not found from SymMap search keys=['耳源性脑膜炎', 'otogenic meningitis']
2026-05-26T18:58:07.323151+00:00 [503/663] 耳源性面瘫 | key=耳源性面瘫 | ValueError: Disease_id not found from SymMap search keys=['耳源性面瘫', 'otogenic facial paralysis', '脓耳面瘫']
2026-05-26T18:58:20.660050+00:00 [504/663] 耳郭假囊肿 | key=耳郭假囊肿 | ValueError: Disease_id not found from SymMap search keys=['耳郭假囊肿', 'pseudocyst of auricle', '耳郭软骨间积液', '耳郭非化脓性软骨膜炎', '耳郭浆液性软骨膜炎', '耳郭痰包']
2026-05-26T18:58:26.291978+00:00 [505/663] 耳鸣 | key=耳鸣 | ValueError: Disease_id not found from SymMap search keys=['耳鸣', '原发性耳鸣']
2026-05-26T18:58:30.003238+00:00 [506/663] 肉瘿 | key=肉瘿 | ValueError: Disease_id not found from SymMap search keys=['肉瘿']
2026-05-26T18:58:35.327577+00:00 [507/663] 肌少症 | key=肌少症 | ValueError: Disease_id not found from SymMap search keys=['肌少症', '肌肉减少症']
2026-05-26T18:58:40.194944+00:00 [508/663] 肛周坏死性筋膜炎 | key=肛周坏死性筋膜炎 | ValueError: Disease_id not found from SymMap search keys=['肛周坏死性筋膜炎', '肛疽']
2026-05-26T18:58:48.285993+00:00 [509/663] 肛周脓肿 | key=肛周脓肿 | ValueError: Disease_id not found from SymMap search keys=['肛周脓肿', '肛痈', '悬痈']
2026-05-26T18:58:53.306692+00:00 [510/663] 肛瘘 | key=肛瘘 | ValueError: Disease_id not found from SymMap search keys=['肛瘘', '肛漏']
2026-05-26T18:58:59.123940+00:00 [511/663] 肛管直肠癌 | key=肛管直肠癌 | ValueError: Disease_id not found from SymMap search keys=['肛管直肠癌', '锁肛痔']
2026-05-26T18:59:09.490949+00:00 [512/663] 肛裂 | key=肛裂 | ValueError: Disease_id not found from SymMap search keys=['肛裂', '钩肠痔', '裂痔', '裂肛痔']
2026-05-26T18:59:15.523970+00:00 [513/663] 肝囊肿 | key=肝囊肿 | ValueError: Disease_id not found from SymMap search keys=['肝囊肿', 'Liver Cyst']
2026-05-26T18:59:53.519064+00:00 [517/663] 股癣 | key=股癣 | ValueError: Disease_id not found from SymMap search keys=['股癣', '腹股沟癣', '腹股沟部皮癣', '股部浅部真菌病', '股部皮肤癣菌病', '股部皮肤真菌感染', '腹股沟部真菌感染', '股间癣', '腹股沟癣菌病']
2026-05-26T19:00:01.956727+00:00 [518/663] 股骨头坏死 | key=股骨头坏死 | ValueError: Disease_id not found from SymMap search keys=['股骨头坏死', 'Osteonecrosis of the Femoral Head', 'ONFH', '股骨头无菌性坏死']
2026-05-26T19:00:10.599501+00:00 [520/663] 肩周炎 | key=肩周炎 | ValueError: Disease_id not found from SymMap search keys=['肩周炎']
2026-05-26T19:00:15.035005+00:00 [521/663] 肱骨外上髁炎 | key=肱骨外上髁炎 | ValueError: Disease_id not found from SymMap search keys=['肱骨外上髁炎', 'Lateral Epicondylitis']
2026-05-26T19:00:34.825459+00:00 [524/663] 肺结核 | key=肺结核 | ValueError: Disease_id not found from SymMap search keys=['肺结核', 'Pulmonary Tuberculosis', 'TB', '肺痨', '侵润性肺结核']
2026-05-26T19:00:41.313742+00:00 [525/663] 肺结节 | key=肺结节 | HTTPError: 502 Server Error: Bad Gateway for url: http://www.symmap.org/search/
2026-05-26T19:00:48.704547+00:00 [526/663] 肺脓肿 | key=肺脓肿 | ValueError: Disease_id not found from SymMap search keys=['肺脓肿', 'Lung Abscess', '肺痈']
2026-05-26T19:00:53.647267+00:00 [527/663] 肾囊肿 | key=肾囊肿 | ValueError: Disease_id not found from SymMap search keys=['肾囊肿', 'Renal Cyst']
2026-05-26T19:01:05.190640+00:00 [529/663] 肾癌 | key=肾癌 | ValueError: Disease_id not found from SymMap search keys=['肾癌']
2026-05-26T19:01:11.073461+00:00 [530/663] 胁痛 | key=胁痛 | ValueError: Disease_id not found from SymMap search keys=['胁痛', 'Hypochondriac Pain', '肋间神经痛']
2026-05-26T19:01:17.890180+00:00 [531/663] 胃痛 | key=胃痛 | ValueError: Disease_id not found from SymMap search keys=['胃痛', 'Gastric Pain', '胃脘痛']
2026-05-26T19:01:38.165076+00:00 [534/663] 胎儿生长受限 | key=胎儿生长受限 | ValueError: Disease_id not found from SymMap search keys=['胎儿生长受限', '胎儿宫内生长受限', '宫内生长迟缓']
2026-05-26T19:01:41.966541+00:00 [535/663] 胰腺癌 | key=胰腺癌 | ValueError: Disease_id not found from SymMap search keys=['胰腺癌']
2026-05-26T19:01:46.865792+00:00 [536/663] 胸腔积液 | key=胸腔积液 | ValueError: Disease_id not found from SymMap search keys=['胸腔积液', 'Pleural Effusion']
2026-05-26T19:01:56.577904+00:00 [538/663] 脂肪性肝病 | key=脂肪性肝病 | ValueError: Disease_id not found from SymMap search keys=['脂肪性肝病']
2026-05-26T19:02:00.242808+00:00 [539/663] 脂肪瘤 | key=脂肪瘤 | ValueError: Disease_id not found from SymMap search keys=['脂肪瘤']
2026-05-26T19:02:08.895216+00:00 [540/663] 脐炎 | key=脐炎 | ValueError: Disease_id not found from SymMap search keys=['脐炎', '脐痈', '卵黄管残留', '脐尿管异常继发感染']
2026-05-26T19:02:19.637982+00:00 [541/663] 脑出血 | key=脑出血 | ValueError: Disease_id not found from SymMap search keys=['脑出血', 'Intracerebral Hemorrhage', '脑溢血', '出血性脑卒中', '高血压性脑出血']
2026-05-26T19:02:42.368299+00:00 [544/663] 脓毒症 | key=脓毒症 | ValueError: Disease_id not found from SymMap search keys=['脓毒症', '内陷', '毒血症', '脓毒血症']
2026-05-26T19:02:59.674767+00:00 [546/663] 脓血症 | key=脓血症 | ValueError: Disease_id not found from SymMap search keys=['脓血症', '流注', '多发性肌肉深处脓肿', '骼窝部脓肿']
2026-05-26T19:03:04.589434+00:00 [547/663] 腋部急性化脓性淋巴结炎 | key=腋部急性化脓性淋巴结炎 | ValueError: Disease_id not found from SymMap search keys=['腋部急性化脓性淋巴结炎', '腋痈']
2026-05-26T19:03:16.062130+00:00 [549/663] 腘窝部急性化脓性淋巴结炎 | key=腘窝部急性化脓性淋巴结炎 | ValueError: Disease_id not found from SymMap search keys=['腘窝部急性化脓性淋巴结炎', '委中毒']
2026-05-26T19:03:21.690403+00:00 [550/663] 腰椎管狭窄症 | key=腰椎管狭窄症 | ValueError: Disease_id not found from SymMap search keys=['腰椎管狭窄症', 'Lumbar Spinal Stenosis']
2026-05-26T19:03:27.204627+00:00 [551/663] 腰椎间盘突出症 | key=腰椎间盘突出症 | ValueError: Disease_id not found from SymMap search keys=['腰椎间盘突出症', 'Lumbar Disc Herniation']
2026-05-26T19:03:32.030773+00:00 [552/663] 腰痛 | key=腰痛 | ValueError: Disease_id not found from SymMap search keys=['腰痛', 'Low Back Pain']
2026-05-26T19:03:37.667022+00:00 [553/663] 腰肌劳损 | key=腰肌劳损 | ValueError: Disease_id not found from SymMap search keys=['腰肌劳损', 'Lumbar Muscle Strain']
2026-05-26T19:03:53.149971+00:00 [555/663] 腹泻 | key=腹泻 | ValueError: Disease_id not found from SymMap search keys=['腹泻', '幼儿腹泻', '婴儿肠炎', 'Diarrhea', '泄泻']
2026-05-26T19:03:56.851871+00:00 [556/663] 腹痛 | key=腹痛 | ValueError: Disease_id not found from SymMap search keys=['腹痛']
2026-05-26T19:04:00.755737+00:00 [557/663] 腺样体肥大 | key=腺样体肥大 | ValueError: Disease_id not found from SymMap search keys=['腺样体肥大']
2026-05-26T19:04:04.597020+00:00 [558/663] 膀胱癌 | key=膀胱癌 | ValueError: Disease_id not found from SymMap search keys=['膀胱癌']
2026-05-26T19:04:11.969746+00:00 [559/663] 膜性肾病 | key=膜性肾病 | ValueError: Disease_id not found from SymMap search keys=['膜性肾病', 'Membranous Nephropathy', 'MN']
2026-05-26T19:04:17.318733+00:00 [560/663] 臀部蜂窝组织炎 | key=臀部蜂窝组织炎 | ValueError: Disease_id not found from SymMap search keys=['臀部蜂窝组织炎', '臀痈']
2026-05-26T19:04:27.592230+00:00 [561/663] 自然流产 (常用 | key=自然流产 (常用 | ValueError: Disease_id not found from SymMap search keys=['自然流产 (常用', '堕胎', '小产', '胎漏', '胎动不安)']
2026-05-26T19:04:31.358583+00:00 [562/663] 良性前列腺增生 | key=良性前列腺增生 | ValueError: Disease_id not found from SymMap search keys=['良性前列腺增生']
2026-05-26T19:04:43.020103+00:00 [563/663] 色素性紫癜性皮病 | key=色素性紫癜性皮病 | ValueError: Disease_id not found from SymMap search keys=['色素性紫癜性皮病', '色素性紫癜性皮炎', '毛细血管渗漏性紫癜', '进行性色素性紫癜', '慢性色素性紫癜', '色素沉着性紫癜']
2026-05-26T19:04:55.751708+00:00 [565/663] 荨麻疹 | key=荨麻疹 | ValueError: Disease_id not found from SymMap search keys=['荨麻疹']
2026-05-26T19:04:59.962228+00:00 [566/663] 荨麻疹性血管炎 | key=荨麻疹性血管炎 | ValueError: Disease_id not found from SymMap search keys=['荨麻疹性血管炎']
2026-05-26T19:05:06.549740+00:00 [567/663] 药物性肾损伤 | key=药物性肾损伤 | ValueError: Disease_id not found from SymMap search keys=['药物性肾损伤', 'Drug-Induced Kidney Injury', '药物相关性肾损害']
2026-05-26T19:05:26.181433+00:00 [568/663] 药疹 | key=药疹 | ValueError: Disease_id not found from SymMap search keys=['药疹', '药物性皮炎', '药物过敏性皮炎', '药物不良反应性皮炎', '药物性皮肤病', '药物诱发性皮炎', '药物性过敏反应', '医源性皮炎(药物性)', '急性药物性皮疹']
2026-05-26T19:05:36.103318+00:00 [570/663] 落枕 | key=落枕 | ValueError: Disease_id not found from SymMap search keys=['落枕']
2026-05-26T19:05:42.429728+00:00 [571/663] 虚损 | key=虚损 | ValueError: Disease_id not found from SymMap search keys=['虚损', 'Debility', '虚劳']
2026-05-26T19:05:57.414248+00:00 [572/663] 虫咬皮炎 | key=虫咬皮炎 | ValueError: Disease_id not found from SymMap search keys=['虫咬皮炎', '昆虫叮咬性皮炎', '节肢动物咬伤性皮炎', '虫螫伤', '蚊虫叮咬皮炎', '昆虫咬伤皮肤反应', '接触性昆虫皮炎', '过敏性虫咬反应', '节肢动物刺螫皮炎', '虫咬伤']
2026-05-26T19:06:02.016410+00:00 [573/663] 蚕食性角膜溃疡 | key=蚕食性角膜溃疡 | HTTPError: 502 Server Error: Bad Gateway for url: http://www.symmap.org/search/
2026-05-26T19:06:09.479532+00:00 [574/663] 蛋白质-能量营养不良 | key=蛋白质-能量营养不良 | ValueError: Disease_id not found from SymMap search keys=['蛋白质-能量营养不良', '蛋白质能量营养不良症', '蛋白质能量缺乏症', '疳积']
2026-05-26T19:06:36.812390+00:00 [579/663] 血栓性浅静脉炎 | key=血栓性浅静脉炎 | ValueError: Disease_id not found from SymMap search keys=['血栓性浅静脉炎', '青蛇毒']
2026-05-26T19:06:43.906683+00:00 [580/663] 血栓闭塞性脉管炎 | key=血栓闭塞性脉管炎 | ValueError: Disease_id not found from SymMap search keys=['血栓闭塞性脉管炎', '脱疽', 'Buerger病', '脉管炎']
2026-05-26T19:06:55.285008+00:00 [581/663] 血管性痴呆 | key=血管性痴呆 | ValueError: Disease_id not found from SymMap search keys=['血管性痴呆', 'Vascular Dementia', 'VaD', '多发性梗死性痴呆', '特殊部位单发性梗死性痴呆', '动脉硬化性皮层下白质脑病', '动脉硬化性痴呆']
2026-05-26T19:06:58.520556+00:00 [582/663] 表皮样囊肿 | key=表皮样囊肿 | ValueError: Disease_id not found from SymMap search keys=['表皮样囊肿']
2026-05-26T19:07:08.992609+00:00 [584/663] 视神经乳头炎 | key=视神经乳头炎 | ValueError: Disease_id not found from SymMap search keys=['视神经乳头炎', 'Optic Papillitis']
2026-05-26T19:07:24.292896+00:00 [587/663] 视网膜静脉周围炎 | key=视网膜静脉周围炎 | ValueError: Disease_id not found from SymMap search keys=['视网膜静脉周围炎', 'Retinal Periphlebitis']
2026-05-26T19:07:34.403450+00:00 [589/663] 角膜基质炎 | key=角膜基质炎 | ValueError: Disease_id not found from SymMap search keys=['角膜基质炎', 'Interstitial Keratitis']
2026-05-26T19:07:38.785384+00:00 [590/663] 角膜瘢痕 | key=角膜瘢痕 | ValueError: Disease_id not found from SymMap search keys=['角膜瘢痕', 'Corneal Scar']
2026-05-26T19:07:48.810647+00:00 [591/663] 贝尔面瘫 | key=贝尔面瘫 | ValueError: Disease_id not found from SymMap search keys=['贝尔面瘫', '周围性面瘫', '耳面瘫', '面神经麻痹', '面瘫', '面神经炎']
2026-05-26T19:07:56.286668+00:00 [592/663] 败血症 | key=败血症 | ValueError: Disease_id not found from SymMap search keys=['败血症', '走黄', '全身性外科感染', '全身性化脓性感染']
2026-05-26T19:08:00.878069+00:00 [593/663] 超急性细菌性结膜炎 | key=超急性细菌性结膜炎 | ValueError: Disease_id not found from SymMap search keys=['超急性细菌性结膜炎', 'Hyperacute Bacterial Conjunctivitis']
2026-05-26T19:08:04.123497+00:00 [594/663] 足底病（跖骨痛 | key=足底病（跖骨痛 | ValueError: Disease_id not found from SymMap search keys=['足底病（跖骨痛']
2026-05-26T19:08:29.595071+00:00 [595/663] 足癣 | key=足癣 | ValueError: Disease_id not found from SymMap search keys=['足癣', '手部皮癣', '手部浅部真菌病', '手部皮肤癣菌病', '手部皮肤真菌感染', '掌部真菌感染', '指(间)真菌感染', '掌指癣', '手部表皮癣菌病', '脚气', '足部皮癣', '足部浅部真菌病', '足部皮肤癣菌病', '足部皮肤真菌感染', '趾间真菌感染', '足跖癣', '水疱型足癣', '角化型足癣']
2026-05-26T19:08:35.532810+00:00 [596/663] 足背蜂窝组织炎或脓肿 | key=足背蜂窝组织炎或脓肿 | ValueError: Disease_id not found from SymMap search keys=['足背蜂窝组织炎或脓肿', 'Cellulitis or Abscess of the Dorsum of the Foot', '足发背']
2026-05-26T19:08:41.641801+00:00 [597/663] 软下疳 | key=软下疳 | ValueError: Disease_id not found from SymMap search keys=['软下疳', 'Chancroid', '杜克雷嗜血杆菌感染']
2026-05-26T19:08:50.430319+00:00 [599/663] 过期不产 | key=过期不产 | ValueError: Disease_id not found from SymMap search keys=['过期不产']
2026-05-26T19:09:10.836809+00:00 [602/663] 进行性对称性红斑角化症 | key=进行性对称性红斑角化症 | ValueError: Disease_id not found from SymMap search keys=['进行性对称性红斑角化症', '进行性对称性红斑角化病', '对称性进行性红斑角化病', '对称性红斑角皮症', 'PSEK综合征']
2026-05-26T19:09:21.017916+00:00 [604/663] 逆行射精 | key=逆行射精 | ValueError: Disease_id not found from SymMap search keys=['逆行射精', 'Retrograde Ejaculation']
2026-05-26T19:09:27.004616+00:00 [605/663] 遗尿 | key=遗尿 | ValueError: Disease_id not found from SymMap search keys=['遗尿', '小儿遗尿', '夜间遗尿症']
2026-05-26T19:09:31.864097+00:00 [606/663] 遗精 | key=遗精 | ValueError: Disease_id not found from SymMap search keys=['遗精', 'Nocturnal Emission']
2026-05-26T19:10:14.274732+00:00 [609/663] 银屑病 | key=银屑病 | ValueError: Disease_id not found from SymMap search keys=['银屑病', '松皮癣', '干癣', '寻常性银屑病', '斑块状银屑病', '蛎壳状银屑病', '钱币形银屑病', '全身脓疱性银屑病', '泛发性脓疱型银屑病', '冯-聪布施病', '脓疱性银屑病', '掌跖脓疱性银屑病', '滴状银屑病', '关节病型银屑病', '关节型银屑病', '银屑病性关节炎', '银屑病性幼年型关节炎', '尿布银屑病', '反常性银屑病', '红皮病性银屑病']
2026-05-26T19:10:18.864605+00:00 [610/663] 闭经 | key=闭经 | ValueError: Disease_id not found from SymMap search keys=['闭经', '原发性闭经']
2026-05-26T19:10:33.741154+00:00 [611/663] 间质性肺疾病 | key=间质性肺疾病 | ValueError: Disease_id not found from SymMap search keys=['间质性肺疾病', 'Interstitial Lung Disease', 'ILD', '间质性肺炎', '肺间质纤维化', '特发性间质性肺炎', '寻常型间质性肺炎', '急性间质性肺炎']
2026-05-26T19:10:53.359546+00:00 [613/663] 阴囊湿疹 | key=阴囊湿疹 | ValueError: Disease_id not found from SymMap search keys=['阴囊湿疹', 'Scrotal Eczema']
2026-05-26T19:11:03.907672+00:00 [614/663] 阴囊蜂窝织炎 | key=阴囊蜂窝织炎 | ValueError: Disease_id not found from SymMap search keys=['阴囊蜂窝织炎', 'Scrotal Cellulitis']
2026-05-26T19:11:11.426333+00:00 [615/663] 阴茎癌 | key=阴茎癌 | ValueError: Disease_id not found from SymMap search keys=['阴茎癌', '肾岩', 'Penile Cancer']
2026-05-26T19:11:16.841939+00:00 [616/663] 阴茎硬化性淋巴管炎 | key=阴茎硬化性淋巴管炎 | ValueError: Disease_id not found from SymMap search keys=['阴茎硬化性淋巴管炎', 'Sclerosing Lymphangitis of Penis']
2026-05-26T19:11:22.278151+00:00 [617/663] 阴茎硬结症 | key=阴茎硬结症 | HTTPError: 502 Server Error: Bad Gateway for url: http://www.symmap.org/search/
2026-05-26T19:11:32.365845+00:00 [618/663] 阴道干燥症 | key=阴道干燥症 | ValueError: Disease_id not found from SymMap search keys=['阴道干燥症', '带下过少', '雌激素不足', '更年期症状', '阴道分泌物减少']
2026-05-26T19:11:37.219746+00:00 [619/663] 阴道炎 | key=阴道炎 | ValueError: Disease_id not found from SymMap search keys=['阴道炎', '带下过多']
2026-05-26T19:11:46.302402+00:00 [620/663] 阻塞性睡眠呼吸暂停低通气综合征 | key=阻塞性睡眠呼吸暂停低通气综合征 | ValueError: Disease_id not found from SymMap search keys=['阻塞性睡眠呼吸暂停低通气综合征', 'obstructive sleep apnea hypopnea syndrome', 'OSAHS', '阻塞性睡眠呼吸暂停综合征', '睡眠呼吸暂停']
2026-05-26T19:11:51.393159+00:00 [621/663] 阿尔茨海默病 | key=阿尔茨海默病 | HTTPError: 502 Server Error: Bad Gateway for url: http://www.symmap.org/search/
2026-05-26T19:12:12.141818+00:00 [623/663] 附睾结核 | key=附睾结核 | ValueError: Disease_id not found from SymMap search keys=['附睾结核', '子痰', '穿囊漏', 'Tuberculosis of Epididymis']
2026-05-26T19:12:15.789853+00:00 [624/663] 陈旧性宫外孕属） | key=陈旧性宫外孕属） | ValueError: Disease_id not found from SymMap search keys=['陈旧性宫外孕属）']
2026-05-26T19:12:34.081132+00:00 [625/663] 隐翅虫皮炎 | key=隐翅虫皮炎 | ValueError: Disease_id not found from SymMap search keys=['隐翅虫皮炎', '隐翅虫性皮炎', '毒蚁皮炎', '线蚁皮炎', '接触性隐翅虫皮炎', '化学性接触性皮炎(隐翅虫)', '小绿虫皮炎', '隐翅虫素性皮炎', '甲虫性接触性皮炎(隐翅虫)', '蠼螋疮']
2026-05-26T19:12:45.955736+00:00 [627/663] 青光眼睫状体炎综合征 | key=青光眼睫状体炎综合征 | ValueError: Disease_id not found from SymMap search keys=['青光眼睫状体炎综合征', 'Glaucomatocyclitic Crisis']
2026-05-26T19:13:06.029793+00:00 [628/663] 非变应性鼻炎 | key=非变应性鼻炎 | ValueError: Disease_id not found from SymMap search keys=['非变应性鼻炎', 'allergic rhinitis', 'AR', '变态反应性鼻炎', '过敏性鼻炎', '鼻鼽', '季节性鼻炎', '常年性鼻炎 主病名： 非变应性鼻炎', '血管运动性鼻炎', '血管舒缩性鼻炎', '非过敏性鼻炎']
2026-05-26T19:13:20.156495+00:00 [629/663] 非淋菌性尿道炎 | key=非淋菌性尿道炎 | ValueError: Disease_id not found from SymMap search keys=['非淋菌性尿道炎', 'non-gonococcal urethritis 非特异性尿道炎', '支原体性尿道炎', '解脲支原体性尿道炎', '衣原体性尿道炎', '沙眼衣原体性尿道炎', '性传播性非淋菌性尿道炎']
2026-05-26T19:13:24.892811+00:00 [630/663] 面部糖皮质激素依赖性皮炎 | key=面部糖皮质激素依赖性皮炎 | HTTPError: 502 Server Error: Bad Gateway for url: http://www.symmap.org/search/
2026-05-26T19:13:34.522302+00:00 [631/663] 项后部毛囊炎 | key=项后部毛囊炎 | ValueError: Disease_id not found from SymMap search keys=['项后部毛囊炎', '发际疮', '多发性毛囊炎', '毛囊炎', '细菌性毛囊炎']
2026-05-26T19:13:42.704869+00:00 [632/663] 颈动脉斑块 | key=颈动脉斑块 | ValueError: Disease_id not found from SymMap search keys=['颈动脉斑块', 'Carotid Plaque', '颈动脉粥样硬化斑块', '颈动脉狭窄斑块']
2026-05-26T19:13:54.540028+00:00 [634/663] 颈痈 | key=颈痈 | ValueError: Disease_id not found from SymMap search keys=['颈痈', '急性化脓性淋巴结炎']
2026-05-26T19:13:57.951470+00:00 [635/663] 颈部创伤 | key=颈部创伤 | ValueError: Disease_id not found from SymMap search keys=['颈部创伤']
2026-05-26T19:14:02.816056+00:00 [636/663] 颈部淋巴结转移癌 | key=颈部淋巴结转移癌 | ValueError: Disease_id not found from SymMap search keys=['颈部淋巴结转移癌', '失荣']
2026-05-26T19:14:10.027689+00:00 [637/663] 颜面部疖 | key=颜面部疖 | ValueError: Disease_id not found from SymMap search keys=['颜面部疖', '颜面部疔疮', '颜面部痈']
2026-05-26T19:14:13.713694+00:00 [638/663] 风疹 | key=风疹 | ValueError: Disease_id not found from SymMap search keys=['风疹']
2026-05-26T19:14:34.735380+00:00 [641/663] 骨与关节结核 | key=骨与关节结核 | ValueError: Disease_id not found from SymMap search keys=['骨与关节结核', '流痰', '骨和关节的结核', '腭骨结核']
2026-05-26T19:14:42.728641+00:00 [642/663] 骨关节炎 | key=骨关节炎 | ValueError: Disease_id not found from SymMap search keys=['骨关节炎', 'Osteoarthritis', 'OA', '退行性关节炎']
2026-05-26T19:15:09.320776+00:00 [645/663] 高血压 | key=高血压 | ValueError: Disease_id not found from SymMap search keys=['高血压', 'Hypertension', '原发性高血压', '继发性高血压', 'essential hypertension', 'secondary hypertension', '老年收缩期高血压']
2026-05-26T19:15:22.650329+00:00 [647/663] 鱼鳞病 | key=鱼鳞病 | ValueError: Disease_id not found from SymMap search keys=['鱼鳞病', 'ichthyosis', '寻常性鱼鳞病']
2026-05-26T19:15:35.381014+00:00 [649/663] 鹅口疮 | key=鹅口疮 | ValueError: Disease_id not found from SymMap search keys=['鹅口疮', '口腔白色念珠菌病']
2026-05-26T19:15:40.509861+00:00 [650/663] 黄疸 | key=黄疸 | ValueError: Disease_id not found from SymMap search keys=['黄疸', 'Jaundice']
2026-05-26T19:15:47.464324+00:00 [651/663] 黄褐斑 | key=黄褐斑 | ValueError: Disease_id not found from SymMap search keys=['黄褐斑', 'chloasma', '肝斑']
2026-05-26T19:15:52.636743+00:00 [652/663] 黑棘皮病 | key=黑棘皮病 | ValueError: Disease_id not found from SymMap search keys=['黑棘皮病', 'acanthosis nigricans']
2026-05-26T19:16:08.789211+00:00 [654/663] 鼻创伤 | key=鼻创伤 | ValueError: Disease_id not found from SymMap search keys=['鼻创伤', 'trauma of the nose', '鼻损伤 主病名： 鼻骨骨折', 'fracture of nasal bone']
2026-05-26T19:16:15.058911+00:00 [655/663] 鼻前庭湿疹 | key=鼻前庭湿疹 | ValueError: Disease_id not found from SymMap search keys=['鼻前庭湿疹', 'eczema of nasal vestibule', '鼻疳']
2026-05-26T19:16:20.905239+00:00 [656/663] 鼻前庭炎 | key=鼻前庭炎 | ValueError: Disease_id not found from SymMap search keys=['鼻前庭炎', 'nasal vestibulitis', '鼻疮']
2026-05-26T19:16:24.136676+00:00 [657/663] 鼻咽癌 | key=鼻咽癌 | ValueError: Disease_id not found from SymMap search keys=['鼻咽癌']
2026-05-26T19:16:33.595677+00:00 [659/663] 鼻炎哮喘综合征 | key=鼻炎哮喘综合征 | ValueError: Disease_id not found from SymMap search keys=['鼻炎哮喘综合征']
2026-05-26T19:16:39.757682+00:00 [660/663] 鼻疖 | key=鼻疖 | ValueError: Disease_id not found from SymMap search keys=['鼻疖', 'nasal furuncle', '鼻部疖肿']
2026-05-26T19:16:47.725360+00:00 [661/663] 鼻骨骨折 | key=鼻骨骨折 | ValueError: Disease_id not found from SymMap search keys=['鼻骨骨折', 'trauma of the nose', '鼻损伤 主病名： 鼻骨骨折', 'fracture of nasal bone']
2026-05-26T19:16:54.588589+00:00 [662/663] 齿龈出血 | key=齿龈出血 | ValueError: Disease_id not found from SymMap search keys=['齿龈出血', 'Gingival Bleeding', '齿衄']
2026-05-26T19:16:59.236969+00:00 [663/663] 龟头炎和包皮炎 | key=龟头炎和包皮炎 | HTTPError: 502 Server Error: Bad Gateway for url: http://www.symmap.org/search/
2026-05-27T16:18:37.100237+00:00 [1/663] Hunt综合征 | key=Hunt综合征 | ValueError: Disease_id not found from SymMap search keys=['Hunt综合征', '耳带状疱疹', 'Ramsay Hunt综合征', '膝状神经节综合征']
2026-05-27T16:18:44.928412+00:00 [2/663] IgA肾病 | key=IgA肾病 | ValueError: Disease_id not found from SymMap search keys=['IgA肾病', 'IgA Nephropathy', 'Berger病']
2026-05-27T16:18:52.001251+00:00 [3/663] IgA血管炎 | key=IgA血管炎 | ValueError: Disease_id not found from SymMap search keys=['IgA血管炎', '过敏性紫癜']
2026-05-27T16:19:03.794987+00:00 [4/663] IgA血管炎性肾炎 | key=IgA血管炎性肾炎 | ValueError: Disease_id not found from SymMap search keys=['IgA血管炎性肾炎', '7天癜肾炎', 'IgA血管炎性肾', '紫癜性肾炎']
2026-05-27T16:19:07.599935+00:00 [5/663] Metatarsalgia） | key=Metatarsalgia） | ValueError: Disease_id not found from SymMap search keys=['Metatarsalgia）']
2026-05-27T16:19:17.327112+00:00 [6/663] Vogt-小柳-原田综合征 | key=Vogt-小柳-原田综合征 | ValueError: Disease_id not found from SymMap search keys=['Vogt-小柳-原田综合征', 'Vogt-Koyanagi-Harada Syndrome', 'VKH综合征', '特发性葡萄膜大脑炎']
2026-05-27T16:19:21.532974+00:00 [7/663] infantile hemangioma | key=infantile hemangioma | ValueError: Disease_id not found from SymMap search keys=['infantile hemangioma']
2026-05-27T16:19:30.140308+00:00 [9/663] 上消化道出血 | key=上消化道出血 | ValueError: Disease_id not found from SymMap search keys=['上消化道出血', 'Upper Gastrointestinal Hemorrhage']
2026-05-27T16:19:36.445030+00:00 [10/663] 上睑下垂 | key=上睑下垂 | ValueError: Disease_id not found from SymMap search keys=['上睑下垂', 'Ptosis']
2026-05-27T16:19:42.762096+00:00 [11/663] 下肢动脉硬化闭塞症 | key=下肢动脉硬化闭塞症 | ValueError: Disease_id not found from SymMap search keys=['下肢动脉硬化闭塞症', 'ASO']
2026-05-27T16:19:48.417399+00:00 [12/663] 下肢慢性溃疡 | key=下肢慢性溃疡 | ValueError: Disease_id not found from SymMap search keys=['下肢慢性溃疡', '臁疮']
2026-05-27T16:19:59.355661+00:00 [13/663] 下肢深静脉血栓形成 | key=下肢深静脉血栓形成 | ValueError: Disease_id not found from SymMap search keys=['下肢深静脉血栓形成', '股肿', '深静脉血栓', 'DVT']
2026-05-27T16:20:04.639253+00:00 [14/663] 下肢静脉曲张 | key=下肢静脉曲张 | ValueError: Disease_id not found from SymMap search keys=['下肢静脉曲张', '筋瘤']
2026-05-27T16:20:10.254298+00:00 [15/663] 不射精 | key=不射精 | ValueError: Disease_id not found from SymMap search keys=['不射精', 'Anejaculation']
2026-05-27T16:20:19.882134+00:00 [16/663] 不育症 | key=不育症 | ValueError: Disease_id not found from SymMap search keys=['不育症', '男子绝子', '无子', '无嗣']
2026-05-27T16:20:27.761216+00:00 [17/663] 中心性浆液性脉络膜视网膜病变 | key=中心性浆液性脉络膜视网膜病变 | ValueError: Disease_id not found from SymMap search keys=['中心性浆液性脉络膜视网膜病变', 'Central Serous Chorioretinopathy', 'CSC']
2026-05-27T16:20:33.474369+00:00 [18/663] 中耳胆脂瘤 | key=中耳胆脂瘤 | ValueError: Disease_id not found from SymMap search keys=['中耳胆脂瘤', 'cholesteatoma of middle ear']
2026-05-27T16:20:39.381065+00:00 [19/663] 中间葡萄膜炎 | key=中间葡萄膜炎 | ValueError: Disease_id not found from SymMap search keys=['中间葡萄膜炎', 'Intermediate Uveitis']
2026-05-27T16:20:43.714663+00:00 [20/663] 丹毒】 【erysipelas | key=丹毒】 【erysipelas | ValueError: Disease_id not found from SymMap search keys=['丹毒】 【erysipelas']
2026-05-27T16:20:52.533101+00:00 [22/663] 乙状窦血栓性静脉炎 | key=乙状窦血栓性静脉炎 | ValueError: Disease_id not found from SymMap search keys=['乙状窦血栓性静脉炎', 'thrombophlebitis of the sigmoid sinus']
